Archive member included to satisfy reference by file (symbol)

/opt/gcc-arm-none-eabi-9-2020-q2-update/bin/../lib/gcc/arm-none-eabi/9.3.1/../../../../arm-none-eabi/lib/thumb/v7e-m+fp/hard/libc.a(lib_a-ctype_.o)
                              _build/nrf_log_str_formatter.o (_ctype_)
/opt/gcc-arm-none-eabi-9-2020-q2-update/bin/../lib/gcc/arm-none-eabi/9.3.1/../../../../arm-none-eabi/lib/thumb/v7e-m+fp/hard/libc.a(lib_a-exit.o)
                              /opt/gcc-arm-none-eabi-9-2020-q2-update/bin/../lib/gcc/arm-none-eabi/9.3.1/../../../../arm-none-eabi/lib/thumb/v7e-m+fp/hard/crt0.o (exit)
/opt/gcc-arm-none-eabi-9-2020-q2-update/bin/../lib/gcc/arm-none-eabi/9.3.1/../../../../arm-none-eabi/lib/thumb/v7e-m+fp/hard/libc.a(lib_a-impure.o)
                              /opt/gcc-arm-none-eabi-9-2020-q2-update/bin/../lib/gcc/arm-none-eabi/9.3.1/../../../../arm-none-eabi/lib/thumb/v7e-m+fp/hard/libc.a(lib_a-exit.o) (_global_impure_ptr)
/opt/gcc-arm-none-eabi-9-2020-q2-update/bin/../lib/gcc/arm-none-eabi/9.3.1/../../../../arm-none-eabi/lib/thumb/v7e-m+fp/hard/libc.a(lib_a-init.o)
                              /opt/gcc-arm-none-eabi-9-2020-q2-update/bin/../lib/gcc/arm-none-eabi/9.3.1/../../../../arm-none-eabi/lib/thumb/v7e-m+fp/hard/crt0.o (__libc_init_array)
/opt/gcc-arm-none-eabi-9-2020-q2-update/bin/../lib/gcc/arm-none-eabi/9.3.1/../../../../arm-none-eabi/lib/thumb/v7e-m+fp/hard/libc.a(lib_a-memcmp.o)
                              _build/nrf_twi_mngr.o (memcmp)
/opt/gcc-arm-none-eabi-9-2020-q2-update/bin/../lib/gcc/arm-none-eabi/9.3.1/../../../../arm-none-eabi/lib/thumb/v7e-m+fp/hard/libc.a(lib_a-memcpy.o)
                              _build/app_scheduler.o (memcpy)
/opt/gcc-arm-none-eabi-9-2020-q2-update/bin/../lib/gcc/arm-none-eabi/9.3.1/../../../../arm-none-eabi/lib/thumb/v7e-m+fp/hard/libc.a(lib_a-memset.o)
                              /opt/gcc-arm-none-eabi-9-2020-q2-update/bin/../lib/gcc/arm-none-eabi/9.3.1/../../../../arm-none-eabi/lib/thumb/v7e-m+fp/hard/crt0.o (memset)
/opt/gcc-arm-none-eabi-9-2020-q2-update/bin/../lib/gcc/arm-none-eabi/9.3.1/../../../../arm-none-eabi/lib/thumb/v7e-m+fp/hard/libc.a(lib_a-printf.o)
                              _build/Thermal_sensor_driver.o (printf)
/opt/gcc-arm-none-eabi-9-2020-q2-update/bin/../lib/gcc/arm-none-eabi/9.3.1/../../../../arm-none-eabi/lib/thumb/v7e-m+fp/hard/libc.a(lib_a-setbuf.o)
                              _build/microbit_before_startup.o (setbuf)
/opt/gcc-arm-none-eabi-9-2020-q2-update/bin/../lib/gcc/arm-none-eabi/9.3.1/../../../../arm-none-eabi/lib/thumb/v7e-m+fp/hard/libc.a(lib_a-setvbuf.o)
                              /opt/gcc-arm-none-eabi-9-2020-q2-update/bin/../lib/gcc/arm-none-eabi/9.3.1/../../../../arm-none-eabi/lib/thumb/v7e-m+fp/hard/libc.a(lib_a-setbuf.o) (setvbuf)
/opt/gcc-arm-none-eabi-9-2020-q2-update/bin/../lib/gcc/arm-none-eabi/9.3.1/../../../../arm-none-eabi/lib/thumb/v7e-m+fp/hard/libc.a(lib_a-strlen.o)
                              _build/nrf_fprintf_format.o (strlen)
/opt/gcc-arm-none-eabi-9-2020-q2-update/bin/../lib/gcc/arm-none-eabi/9.3.1/../../../../arm-none-eabi/lib/thumb/v7e-m+fp/hard/libc.a(lib_a-vfprintf.o)
                              /opt/gcc-arm-none-eabi-9-2020-q2-update/bin/../lib/gcc/arm-none-eabi/9.3.1/../../../../arm-none-eabi/lib/thumb/v7e-m+fp/hard/libc.a(lib_a-printf.o) (_vfprintf_r)
/opt/gcc-arm-none-eabi-9-2020-q2-update/bin/../lib/gcc/arm-none-eabi/9.3.1/../../../../arm-none-eabi/lib/thumb/v7e-m+fp/hard/libc.a(lib_a-wsetup.o)
                              /opt/gcc-arm-none-eabi-9-2020-q2-update/bin/../lib/gcc/arm-none-eabi/9.3.1/../../../../arm-none-eabi/lib/thumb/v7e-m+fp/hard/libc.a(lib_a-vfprintf.o) (__swsetup_r)
/opt/gcc-arm-none-eabi-9-2020-q2-update/bin/../lib/gcc/arm-none-eabi/9.3.1/../../../../arm-none-eabi/lib/thumb/v7e-m+fp/hard/libc.a(lib_a-__call_atexit.o)
                              /opt/gcc-arm-none-eabi-9-2020-q2-update/bin/../lib/gcc/arm-none-eabi/9.3.1/../../../../arm-none-eabi/lib/thumb/v7e-m+fp/hard/libc.a(lib_a-exit.o) (__call_exitprocs)
/opt/gcc-arm-none-eabi-9-2020-q2-update/bin/../lib/gcc/arm-none-eabi/9.3.1/../../../../arm-none-eabi/lib/thumb/v7e-m+fp/hard/libc.a(lib_a-atexit.o)
                              /opt/gcc-arm-none-eabi-9-2020-q2-update/bin/../lib/gcc/arm-none-eabi/9.3.1/../../../../arm-none-eabi/lib/thumb/v7e-m+fp/hard/libc.a(lib_a-__call_atexit.o) (atexit)
/opt/gcc-arm-none-eabi-9-2020-q2-update/bin/../lib/gcc/arm-none-eabi/9.3.1/../../../../arm-none-eabi/lib/thumb/v7e-m+fp/hard/libc.a(lib_a-dtoa.o)
                              /opt/gcc-arm-none-eabi-9-2020-q2-update/bin/../lib/gcc/arm-none-eabi/9.3.1/../../../../arm-none-eabi/lib/thumb/v7e-m+fp/hard/libc.a(lib_a-vfprintf.o) (_dtoa_r)
/opt/gcc-arm-none-eabi-9-2020-q2-update/bin/../lib/gcc/arm-none-eabi/9.3.1/../../../../arm-none-eabi/lib/thumb/v7e-m+fp/hard/libc.a(lib_a-fflush.o)
[...]
Memory Configuration

Name             Origin             Length             Attributes
FLASH            0x0000000000000000 0x0000000000080000 xr
RAM              0x0000000020000000 0x0000000000020000 xrw
*default*        0x0000000000000000 0xffffffffffffffff

Linker script and memory map

                0x000000000007f000                __stop_ot_flash_data = ((ORIGIN (FLASH) + LENGTH (FLASH)) - FLASH_PAGE_SIZE)
                0x000000000007b000                __start_ot_flash_data = (__stop_ot_flash_data - (FLASH_PAGE_SIZE * FLASH_DATA_PAGES_USED))
                0x0000000000000001                ASSERT ((__start_ot_flash_data >= (__etext + SIZEOF (.data))), Error: Code overlaps flash data area.)

.text           0x0000000000000000     0xcb48
 *(.isr_vector)
 .isr_vector    0x0000000000000000      0x200 _build/gcc_startup_nrf52833.os
                0x0000000000000000                __isr_vector
 *(.text*)
 .text          0x0000000000000200       0x40 /opt/gcc-arm-none-eabi-9-2020-q2-update/bin/../lib/gcc/arm-none-eabi/9.3.1/thumb/v7e-m+fp/hard/crtbegin.o
 .text          0x0000000000000240       0x7c /opt/gcc-arm-none-eabi-9-2020-q2-update/bin/../lib/gcc/arm-none-eabi/9.3.1/../../../../arm-none-eabi/lib/thumb/v7e-m+fp/hard/crt0.o
                0x0000000000000240                _stack_init
                0x0000000000000248                _mainCRTStartup
                0x0000000000000248                _start
 .text.print_data
                0x00000000000002bc       0x54 _build/Sonic_sensor_driver.o
                0x00000000000002bc                print_data
 .text.sonic_init
                0x0000000000000310       0x44 _build/Sonic_sensor_driver.o
                0x0000000000000310                sonic_init
 .text.startup.main
                0x0000000000000354       0x5c _build/main.o
                0x0000000000000354                main
 .text.experimental_write
                0x00000000000003b0       0x32 _build/I2C_functions.o
                0x00000000000003b0                experimental_write
 .text.experimental_read
                0x00000000000003e2       0x60 _build/I2C_functions.o
                0x00000000000003e2                experimental_read
 *fill*         0x0000000000000442        0x2 
 .text.nrf_gpio_pin_port_decode
                0x0000000000000444       0x30 _build/better_error_handling.o
 .text.nrf_gpio_pin_clear
                0x0000000000000474       0x1a _build/better_error_handling.o
 .text.nrf_gpio_pin_set
                0x000000000000048e       0x1a _build/better_error_handling.o
 .text.nrf_delay_ms.part.0
                0x00000000000004a8       0x1c _build/better_error_handling.o
 .text.error_blink_pattern
                0x00000000000004c4      0x104 _build/better_error_handling.o
 .text.app_error_fault_handler
                0x00000000000005c8       0x74 _build/better_error_handling.o
                0x00000000000005c8                app_error_fault_handler
 .text.HardFault_process
                0x000000000000063c        0x6 _build/better_error_handling.o
                0x000000000000063c                HardFault_process
 .text.nrf_log_backend_uart_flush
                0x0000000000000642        0x2 _build/microbit_nrf_log_backend_uart.o
 .text.nrf_log_backend_uart_put
                0x0000000000000644       0x1c _build/microbit_nrf_log_backend_uart.o
 .text.uart_init.constprop.0
                0x0000000000000660       0x5c _build/microbit_nrf_log_backend_uart.o
 .text.serial_tx
                0x00000000000006bc       0x50 _build/microbit_nrf_log_backend_uart.o
 .text.nrf_log_backend_uart_panic_set
                0x000000000000070c       0x2c _build/microbit_nrf_log_backend_uart.o
 .text.nrf_log_backend_uart_init
                0x0000000000000738        0x4 _build/microbit_nrf_log_backend_uart.o
                0x0000000000000738                nrf_log_backend_uart_init
 .text._write   0x000000000000073c       0x2c _build/microbit_retarget.o
                0x000000000000073c                _write
 .text._read    0x0000000000000768       0x30 _build/microbit_retarget.o
                0x0000000000000768                _read
 .text.startup.called_first
                0x0000000000000798       0x48 _build/microbit_before_startup.o
                0x0000000000000798                called_first
 .text.app_error_handler
                0x00000000000007e0       0x1a _build/app_error_handler_gcc.o
                0x00000000000007e0                app_error_handler
 *fill*         0x00000000000007fa        0x2 
 .text.nrfx_coredep_delay_us.part.0.constprop.0
                0x00000000000007fc       0x10 _build/app_timer.o
 .text.RTC1_IRQHandler
                0x000000000000080c       0x9c _build/app_timer.o
                0x000000000000080c                RTC1_IRQHandler
 .text.SWI0_EGU0_IRQHandler
                0x00000000000008a8      0x2b8 _build/app_timer.o
                0x00000000000008a8                SWI0_EGU0_IRQHandler
 .text.app_util_disable_irq
                0x0000000000000b60       0x10 _build/app_util_platform.o
                0x0000000000000b60                app_util_disable_irq
 .text.app_util_enable_irq
                0x0000000000000b70       0x14 _build/app_util_platform.o
                0x0000000000000b70                app_util_enable_irq
 .text.privilege_level_get
                0x0000000000000b84       0x1a _build/app_util_platform.o
                0x0000000000000b84                privilege_level_get
 *fill*         0x0000000000000b9e        0x2 
 .text.app_util_critical_region_enter
                0x0000000000000ba0       0x20 _build/app_util_platform.o
                0x0000000000000ba0                app_util_critical_region_enter
 .text.app_util_critical_region_exit
                0x0000000000000bc0       0x20 _build/app_util_platform.o
                0x0000000000000bc0                app_util_critical_region_exit
 .text.HardFault_Handler
                0x0000000000000be0       0x34 _build/hardfault_handler_gcc.o
                0x0000000000000be0                HardFault_Handler
 .text.HardFault_c_handler
                0x0000000000000c14      0x104 _build/hardfault_implementation.o
                0x0000000000000c14                HardFault_c_handler
 .text.assert_nrf_callback
                0x0000000000000d18       0x1a _build/nrf_assert.o
                0x0000000000000d18                assert_nrf_callback
 .text.nrf_atomic_u32_fetch_store
                0x0000000000000d32       0x16 _build/nrf_atomic.o
                0x0000000000000d32                nrf_atomic_u32_fetch_store
 .text.nrf_atomic_u32_or
                0x0000000000000d48       0x18 _build/nrf_atomic.o
                0x0000000000000d48                nrf_atomic_u32_or
 .text.nrf_atomic_u32_fetch_and
                0x0000000000000d60       0x18 _build/nrf_atomic.o
                0x0000000000000d60                nrf_atomic_u32_fetch_and
 .text.nrf_atomic_u32_add
                0x0000000000000d78       0x18 _build/nrf_atomic.o
                0x0000000000000d78                nrf_atomic_u32_add
 .text.nrf_atomic_u32_sub
                0x0000000000000d90       0x18 _build/nrf_atomic.o
                0x0000000000000d90                nrf_atomic_u32_sub
 .text.nrf_atomic_flag_set
                0x0000000000000da8        0x6 _build/nrf_atomic.o
                0x0000000000000da8                nrf_atomic_flag_set
 .text.nrf_atomic_flag_clear_fetch
                0x0000000000000dae        0x6 _build/nrf_atomic.o
                0x0000000000000dae                nrf_atomic_flag_clear_fetch
 .text.nrf_balloc_init
                0x0000000000000db4       0x7c _build/nrf_balloc.o
                0x0000000000000db4                nrf_balloc_init
 .text.nrf_balloc_alloc
                0x0000000000000e30       0x54 _build/nrf_balloc.o
                0x0000000000000e30                nrf_balloc_alloc
 .text.nrf_balloc_free
                0x0000000000000e84       0x48 _build/nrf_balloc.o
                0x0000000000000e84                nrf_balloc_free
 .text.twim_evt_handler
                0x0000000000000ecc       0x40 _build/nrf_drv_twi.o
 .text.nrf_gpio_pin_port_decode
                0x0000000000000f0c       0x30 _build/nrf_drv_twi.o
 .text.nrf_gpio_pin_set
                0x0000000000000f3c       0x1a _build/nrf_drv_twi.o
 *fill*         0x0000000000000f56        0x2 
 .text.nrfx_coredep_delay_us.part.0.constprop.0
                0x0000000000000f58       0x10 _build/nrf_drv_twi.o
 .text.nrf_drv_twi_init
                0x0000000000000f68       0xec _build/nrf_drv_twi.o
                0x0000000000000f68                nrf_drv_twi_init
 .text.uarte_evt_handler
                0x0000000000001054       0x34 _build/nrf_drv_uart.o
 .text.uart_evt_handler
                0x0000000000001088       0x34 _build/nrf_drv_uart.o
 .text.nrf_drv_uart_init
                0x00000000000010bc       0x7c _build/nrf_drv_uart.o
                0x00000000000010bc                nrf_drv_uart_init
 .text.nrf_fprintf_buffer_flush
                0x0000000000001138       0x24 _build/nrf_fprintf.o
                0x0000000000001138                nrf_fprintf_buffer_flush
 .text.nrf_fprintf
                0x000000000000115c       0x54 _build/nrf_fprintf.o
                0x000000000000115c                nrf_fprintf
 .text.buffer_add
                0x00000000000011b0       0x1e _build/nrf_fprintf_format.o
 *fill*         0x00000000000011ce        0x2 
 .text.unsigned_print
                0x00000000000011d0       0xb4 _build/nrf_fprintf_format.o
 .text.nrf_fprintf_fmt
                0x0000000000001284      0x2d8 _build/nrf_fprintf_format.o
                0x0000000000001284                nrf_fprintf_fmt
 .text.nrf_log_backend_serial_put
                0x000000000000155c       0xc2 _build/nrf_log_backend_serial.o
                0x000000000000155c                nrf_log_backend_serial_put
 *fill*         0x000000000000161e        0x2 
 .text.nrf_log_default_backends_init
                0x0000000000001620       0x30 _build/nrf_log_default_backends.o
                0x0000000000001620                nrf_log_default_backends_init
 .text.invalid_packets_omit
                0x0000000000001650       0x3a _build/nrf_log_frontend.o
 *fill*         0x000000000000168a        0x2 
 .text.buf_prealloc
                0x000000000000168c      0x144 _build/nrf_log_frontend.o
 .text.nrf_log_init
                0x00000000000017d0       0x3c _build/nrf_log_frontend.o
                0x00000000000017d0                nrf_log_init
 .text.nrf_log_module_name_get
                0x000000000000180c       0x38 _build/nrf_log_frontend.o
                0x000000000000180c                nrf_log_module_name_get
 .text.nrf_log_color_id_get
                0x0000000000001844       0x2c _build/nrf_log_frontend.o
                0x0000000000001844                nrf_log_color_id_get
 .text.buffer_is_empty
                0x0000000000001870       0x14 _build/nrf_log_frontend.o
                0x0000000000001870                buffer_is_empty
 .text.nrf_log_frontend_dequeue
                0x0000000000001884      0x218 _build/nrf_log_frontend.o
                0x0000000000001884                nrf_log_frontend_dequeue
 .text.std_n    0x0000000000001a9c       0xb8 _build/nrf_log_frontend.o
 .text.nrf_log_frontend_std_0
                0x0000000000001b54        0x8 _build/nrf_log_frontend.o
                0x0000000000001b54                nrf_log_frontend_std_0
 .text.nrf_log_frontend_std_1
                0x0000000000001b5c       0x12 _build/nrf_log_frontend.o
                0x0000000000001b5c                nrf_log_frontend_std_1
 .text.nrf_log_frontend_std_3
                0x0000000000001b6e       0x18 _build/nrf_log_frontend.o
                0x0000000000001b6e                nrf_log_frontend_std_3
 .text.nrf_log_frontend_std_4
                0x0000000000001b86       0x1c _build/nrf_log_frontend.o
                0x0000000000001b86                nrf_log_frontend_std_4
 *fill*         0x0000000000001ba2        0x2 
 .text.nrf_log_backend_add
                0x0000000000001ba4       0x54 _build/nrf_log_frontend.o
                0x0000000000001ba4                nrf_log_backend_add
 .text.nrf_log_panic
                0x0000000000001bf8       0x2c _build/nrf_log_frontend.o
                0x0000000000001bf8                nrf_log_panic
 .text.postfix_process
                0x0000000000001c24       0x44 _build/nrf_log_str_formatter.o
 .text.prefix_process
                0x0000000000001c68       0x7c _build/nrf_log_str_formatter.o
 .text.nrf_log_std_entry_process
                0x0000000000001ce4       0xc8 _build/nrf_log_str_formatter.o
                0x0000000000001ce4                nrf_log_std_entry_process
 .text.nrf_log_hexdump_entry_process
                0x0000000000001dac       0xbc _build/nrf_log_str_formatter.o
                0x0000000000001dac                nrf_log_hexdump_entry_process
 .text.memobj_op
                0x0000000000001e68       0xa8 _build/nrf_memobj.o
 .text.nrf_memobj_pool_init
                0x0000000000001f10        0x4 _build/nrf_memobj.o
                0x0000000000001f10                nrf_memobj_pool_init
 .text.nrf_memobj_free
                0x0000000000001f14       0x2c _build/nrf_memobj.o
                0x0000000000001f14                nrf_memobj_free
 .text.nrf_memobj_alloc
                0x0000000000001f40       0x5e _build/nrf_memobj.o
                0x0000000000001f40                nrf_memobj_alloc
 .text.nrf_memobj_get
                0x0000000000001f9e        0x8 _build/nrf_memobj.o
                0x0000000000001f9e                nrf_memobj_get
 .text.nrf_memobj_put
                0x0000000000001fa6       0x1e _build/nrf_memobj.o
                0x0000000000001fa6                nrf_memobj_put
 .text.nrf_memobj_write
                0x0000000000001fc4       0x28 _build/nrf_memobj.o
                0x0000000000001fc4                nrf_memobj_write
 .text.nrf_memobj_read
                0x0000000000001fec       0x28 _build/nrf_memobj.o
                0x0000000000001fec                nrf_memobj_read
 .text.nrf_ringbuf_init
                0x0000000000002014       0x1c _build/nrf_ringbuf.o
                0x0000000000002014                nrf_ringbuf_init
 .text.nrf_strerror_find
                0x0000000000002030       0x3c _build/nrf_strerror.o
                0x0000000000002030                nrf_strerror_find
 .text.nrf_strerror_get
                0x000000000000206c       0x14 _build/nrf_strerror.o
                0x000000000000206c                nrf_strerror_get
 .text.queue_utilization_get
                0x0000000000002080       0x18 _build/nrf_queue.o
 .text.nrf_queue_next_idx
                0x0000000000002098       0x20 _build/nrf_queue.o
 .text.nrf_queue_is_full
                0x00000000000020b8       0x28 _build/nrf_queue.o
                0x00000000000020b8                nrf_queue_is_full
 .text.nrf_queue_push
                0x00000000000020e0       0xc0 _build/nrf_queue.o
                0x00000000000020e0                nrf_queue_push
 .text.nrf_queue_is_empty
                0x00000000000021a0       0x24 _build/nrf_queue.o
                0x00000000000021a0                nrf_queue_is_empty
 .text.nrf_queue_generic_pop
                0x00000000000021c4       0x9c _build/nrf_queue.o
                0x00000000000021c4                nrf_queue_generic_pop
 .text.nrf_gpiote_event_clear
                0x0000000000002260       0x18 _build/nrfx_gpiote.o
 .text.nrf_gpio_pin_port_decode
                0x0000000000002278       0x30 _build/nrfx_gpiote.o
 .text.nrf_gpio_cfg_sense_set
                0x00000000000022a8       0x2e _build/nrfx_gpiote.o
 *fill*         0x00000000000022d6        0x2 
 .text.nrf_gpio_ports_read.constprop.0
                0x00000000000022d8       0x18 _build/nrfx_gpiote.o
 .text.GPIOTE_IRQHandler
                0x00000000000022f0      0x1a8 _build/nrfx_gpiote.o
                0x00000000000022f0                GPIOTE_IRQHandler
 .text.UARTE0_UART0_IRQHandler
                0x0000000000002498       0x20 _build/nrfx_prs.o
                0x0000000000002498                UARTE0_UART0_IRQHandler
 .text.nrfx_prs_acquire
                0x00000000000024b8       0x44 _build/nrfx_prs.o
                0x00000000000024b8                nrfx_prs_acquire
 .text.nrfx_prs_release
                0x00000000000024fc       0x28 _build/nrfx_prs.o
                0x00000000000024fc                nrfx_prs_release
 .text.nrf_saadc_event_clear
                0x0000000000002524       0x18 _build/nrfx_saadc.o
 .text.SAADC_IRQHandler
                0x000000000000253c      0x160 _build/nrfx_saadc.o
                0x000000000000253c                SAADC_IRQHandler
 .text.irq_handler.constprop.0
                0x000000000000269c       0x4c _build/nrfx_timer.o
 .text.TIMER0_IRQHandler
                0x00000000000026e8       0x10 _build/nrfx_timer.o
                0x00000000000026e8                TIMER0_IRQHandler
 .text.TIMER1_IRQHandler
                0x00000000000026f8       0x10 _build/nrfx_timer.o
                0x00000000000026f8                TIMER1_IRQHandler
 .text.nrf_twim_event_clear
                0x0000000000002708       0x10 _build/nrfx_twim.o
 .text.xfer_completeness_check
                0x0000000000002718       0x6c _build/nrfx_twim.o
 .text.nrf_gpio_pin_port_decode
                0x0000000000002784       0x30 _build/nrfx_twim.o
 .text.SPIM0_SPIS0_TWIM0_TWIS0_SPI0_TWI0_IRQHandler
                0x00000000000027b4      0x158 _build/nrfx_twim.o
                0x00000000000027b4                SPIM0_SPIS0_TWIM0_TWIS0_SPI0_TWI0_IRQHandler
 .text.nrfx_twim_init
                0x000000000000290c      0x140 _build/nrfx_twim.o
                0x000000000000290c                nrfx_twim_init
 .text.nrfx_twim_enable
                0x0000000000002a4c       0x40 _build/nrfx_twim.o
                0x0000000000002a4c                nrfx_twim_enable
 .text.nrfx_twim_disable
                0x0000000000002a8c       0x54 _build/nrfx_twim.o
                0x0000000000002a8c                nrfx_twim_disable
 .text.nrfx_twim_uninit
                0x0000000000002ae0       0xb4 _build/nrfx_twim.o
                0x0000000000002ae0                nrfx_twim_uninit
 .text.nrfx_twim_xfer
                0x0000000000002b94      0x330 _build/nrfx_twim.o
                0x0000000000002b94                nrfx_twim_xfer
 .text.POWER_CLOCK_IRQHandler
                0x0000000000002ec4       0x5c _build/nrfx_clock.o
                0x0000000000002ec4                POWER_CLOCK_IRQHandler
 .text.nrf_uart_event_clear
                0x0000000000002f20       0x10 _build/nrfx_uart.o
 .text.tx_byte  0x0000000000002f30       0x1e _build/nrfx_uart.o
 *fill*         0x0000000000002f4e        0x2 
 .text.nrf_gpio_pin_port_decode
                0x0000000000002f50       0x30 _build/nrfx_uart.o
 .text.nrf_gpio_cfg_default
                0x0000000000002f80       0x1c _build/nrfx_uart.o
 .text.rx_enable.isra.0
                0x0000000000002f9c       0x20 _build/nrfx_uart.o
 .text.rx_byte  0x0000000000002fbc       0x2c _build/nrfx_uart.o
 .text.rx_done_event.constprop.0
                0x0000000000002fe8       0x20 _build/nrfx_uart.o
 .text.nrfx_uart_0_irq_handler
                0x0000000000003008      0x13c _build/nrfx_uart.o
                0x0000000000003008                nrfx_uart_0_irq_handler
 .text.nrfx_uart_init
                0x0000000000003144      0x1e4 _build/nrfx_uart.o
                0x0000000000003144                nrfx_uart_init
 .text.nrfx_uart_uninit
                0x0000000000003328       0xc0 _build/nrfx_uart.o
                0x0000000000003328                nrfx_uart_uninit
 .text.nrfx_uart_tx
                0x00000000000033e8       0xe0 _build/nrfx_uart.o
                0x00000000000033e8                nrfx_uart_tx
 .text.nrfx_uart_rx
                0x00000000000034c8      0x130 _build/nrfx_uart.o
                0x00000000000034c8                nrfx_uart_rx
 .text.nrf_uarte_event_clear
                0x00000000000035f8       0x10 _build/nrfx_uarte.o
 .text.nrf_gpio_pin_port_decode
                0x0000000000003608       0x30 _build/nrfx_uarte.o
 .text.nrf_gpio_cfg_default
                0x0000000000003638       0x1c _build/nrfx_uarte.o
 .text.rx_done_event.constprop.0
                0x0000000000003654       0x20 _build/nrfx_uarte.o
 .text.nrfx_uarte_0_irq_handler
                0x0000000000003674      0x118 _build/nrfx_uarte.o
                0x0000000000003674                nrfx_uarte_0_irq_handler
 .text.nrfx_uarte_init
                0x000000000000378c      0x1f8 _build/nrfx_uarte.o
                0x000000000000378c                nrfx_uarte_init
 .text.nrfx_uarte_uninit
                0x0000000000003984       0xec _build/nrfx_uarte.o
                0x0000000000003984                nrfx_uarte_uninit
 .text.nrfx_uarte_tx
                0x0000000000003a70       0xf4 _build/nrfx_uarte.o
                0x0000000000003a70                nrfx_uarte_tx
 .text.nrfx_uarte_rx
                0x0000000000003b64      0x130 _build/nrfx_uarte.o
                0x0000000000003b64                nrfx_uarte_rx
 .text.internal_transaction_cb
                0x0000000000003c94        0xa _build/nrf_twi_mngr.o
 *fill*         0x0000000000003c9e        0x2 
 .text.transaction_end_signal
                0x0000000000003ca0       0x30 _build/nrf_twi_mngr.o
 .text.start_transfer
                0x0000000000003cd0       0xc4 _build/nrf_twi_mngr.o
 .text.start_pending_transaction
                0x0000000000003d94       0xb0 _build/nrf_twi_mngr.o
 .text.twi_event_handler
                0x0000000000003e44       0x58 _build/nrf_twi_mngr.o
 .text.nrf_twi_mngr_init
                0x0000000000003e9c       0x78 _build/nrf_twi_mngr.o
                0x0000000000003e9c                nrf_twi_mngr_init
 .text.nrf_twi_mngr_schedule
                0x0000000000003f14       0x60 _build/nrf_twi_mngr.o
                0x0000000000003f14                nrf_twi_mngr_schedule
 .text.nrf_twi_mngr_perform
                0x0000000000003f74       0x84 _build/nrf_twi_mngr.o
                0x0000000000003f74                nrf_twi_mngr_perform
 .text.nrf_pwm_event_clear
                0x0000000000003ff8       0x10 _build/nrfx_pwm.o
 .text.PWM0_IRQHandler
                0x0000000000004008       0x90 _build/nrfx_pwm.o
                0x0000000000004008                PWM0_IRQHandler
 .text.__NVIC_SystemReset
                0x0000000000004098       0x24 _build/system_nrf52833.o
 .text.errata_36
                0x00000000000040bc       0x20 _build/system_nrf52833.o
 .text.SystemInit
                0x00000000000040dc      0x1a0 _build/system_nrf52833.o
                0x00000000000040dc                SystemInit
 .text          0x000000000000427c       0x3c _build/gcc_startup_nrf52833.os
                0x000000000000427c                Reset_Handler
                0x00000000000042a4                NMI_Handler
                0x00000000000042a8                MemoryManagement_Handler
                0x00000000000042aa                BusFault_Handler
                0x00000000000042ac                UsageFault_Handler
                0x00000000000042ae                SVC_Handler
                0x00000000000042b0                DebugMon_Handler
                0x00000000000042b2                PendSV_Handler
                0x00000000000042b4                SysTick_Handler
                0x00000000000042b6                TIMER2_IRQHandler
                0x00000000000042b6                RTC0_IRQHandler
                0x00000000000042b6                SWI2_EGU2_IRQHandler
                0x00000000000042b6                PWM1_IRQHandler
                0x00000000000042b6                RADIO_IRQHandler
                0x00000000000042b6                PDM_IRQHandler
                0x00000000000042b6                TEMP_IRQHandler
                0x00000000000042b6                QDEC_IRQHandler
                0x00000000000042b6                TIMER3_IRQHandler
                0x00000000000042b6                PWM3_IRQHandler
                0x00000000000042b6                FPU_IRQHandler
                0x00000000000042b6                USBD_IRQHandler
                0x00000000000042b6                TIMER4_IRQHandler
                0x00000000000042b6                I2S_IRQHandler
                0x00000000000042b6                SWI4_EGU4_IRQHandler
                0x00000000000042b6                UARTE1_IRQHandler
                0x00000000000042b6                SPIM3_IRQHandler
                0x00000000000042b6                PWM2_IRQHandler
                0x00000000000042b6                ECB_IRQHandler
                0x00000000000042b6                SPIM1_SPIS1_TWIM1_TWIS1_SPI1_TWI1_IRQHandler
                0x00000000000042b6                Default_Handler
                0x00000000000042b6                CCM_AAR_IRQHandler
                0x00000000000042b6                WDT_IRQHandler
                0x00000000000042b6                SWI5_EGU5_IRQHandler
                0x00000000000042b6                RNG_IRQHandler
                0x00000000000042b6                RTC2_IRQHandler
                0x00000000000042b6                SWI3_EGU3_IRQHandler
                0x00000000000042b6                SWI1_EGU1_IRQHandler
                0x00000000000042b6                SPIM2_SPIS2_SPI2_IRQHandler
                0x00000000000042b6                NFCT_IRQHandler
                0x00000000000042b6                MWU_IRQHandler
                0x00000000000042b6                COMP_LPCOMP_IRQHandler
 .text.exit     0x00000000000042b8       0x20 /opt/gcc-arm-none-eabi-9-2020-q2-update/bin/../lib/gcc/arm-none-eabi/9.3.1/../../../../arm-none-eabi/lib/thumb/v7e-m+fp/hard/libc.a(lib_a-exit.o)
                0x00000000000042b8                exit
 .text.__libc_init_array
                0x00000000000042d8       0x48 /opt/gcc-arm-none-eabi-9-2020-q2-update/bin/../lib/gcc/arm-none-eabi/9.3.1/../../../../arm-none-eabi/lib/thumb/v7e-m+fp/hard/libc.a(lib_a-init.o)
                0x00000000000042d8                __libc_init_array
 .text.memcmp   0x0000000000004320       0x60 /opt/gcc-arm-none-eabi-9-2020-q2-update/bin/../lib/gcc/arm-none-eabi/9.3.1/../../../../arm-none-eabi/lib/thumb/v7e-m+fp/hard/libc.a(lib_a-memcmp.o)
                0x0000000000004320                memcmp
 .text          0x0000000000004380      0x134 /opt/gcc-arm-none-eabi-9-2020-q2-update/bin/../lib/gcc/arm-none-eabi/9.3.1/../../../../arm-none-eabi/lib/thumb/v7e-m+fp/hard/libc.a(lib_a-memcpy.o)
                0x0000000000004380                memcpy
 .text.memset   0x00000000000044b4       0xa0 /opt/gcc-arm-none-eabi-9-2020-q2-update/bin/../lib/gcc/arm-none-eabi/9.3.1/../../../../arm-none-eabi/lib/thumb/v7e-m+fp/hard/libc.a(lib_a-memset.o)
                0x00000000000044b4                memset
 .text.printf   0x0000000000004554       0x28 /opt/gcc-arm-none-eabi-9-2020-q2-update/bin/../lib/gcc/arm-none-eabi/9.3.1/../../../../arm-none-eabi/lib/thumb/v7e-m+fp/hard/libc.a(lib_a-printf.o)
                0x0000000000004554                printf
 .text.setbuf   0x000000000000457c       0x10 /opt/gcc-arm-none-eabi-9-2020-q2-update/bin/../lib/gcc/arm-none-eabi/9.3.1/../../../../arm-none-eabi/lib/thumb/v7e-m+fp/hard/libc.a(lib_a-setbuf.o)
                0x000000000000457c                setbuf
 .text.setvbuf  0x000000000000458c      0x1a0 /opt/gcc-arm-none-eabi-9-2020-q2-update/bin/../lib/gcc/arm-none-eabi/9.3.1/../../../../arm-none-eabi/lib/thumb/v7e-m+fp/hard/libc.a(lib_a-setvbuf.o)
                0x000000000000458c                setvbuf
 *fill*         0x000000000000472c       0x14 
 .text          0x0000000000004740       0xdc /opt/gcc-arm-none-eabi-9-2020-q2-update/bin/../lib/gcc/arm-none-eabi/9.3.1/../../../../arm-none-eabi/lib/thumb/v7e-m+fp/hard/libc.a(lib_a-strlen.o)
                0x0000000000004740                strlen
 *fill*         0x000000000000481c        0x4 
 .text._vfprintf_r
                0x0000000000004820     0x1be0 /opt/gcc-arm-none-eabi-9-2020-q2-update/bin/../lib/gcc/arm-none-eabi/9.3.1/../../../../arm-none-eabi/lib/thumb/v7e-m+fp/hard/libc.a(lib_a-vfprintf.o)
                0x0000000000004820                _vfprintf_r
 .text.__sbprintf
                0x0000000000006400       0x84 /opt/gcc-arm-none-eabi-9-2020-q2-update/bin/../lib/gcc/arm-none-eabi/9.3.1/../../../../arm-none-eabi/lib/thumb/v7e-m+fp/hard/libc.a(lib_a-vfprintf.o)
 .text.__swsetup_r
                0x0000000000006484       0xd0 /opt/gcc-arm-none-eabi-9-2020-q2-update/bin/../lib/gcc/arm-none-eabi/9.3.1/../../../../arm-none-eabi/lib/thumb/v7e-m+fp/hard/libc.a(lib_a-wsetup.o)
                0x0000000000006484                __swsetup_r
 .text.startup.register_fini
                0x0000000000006554       0x14 /opt/gcc-arm-none-eabi-9-2020-q2-update/bin/../lib/gcc/arm-none-eabi/9.3.1/../../../../arm-none-eabi/lib/thumb/v7e-m+fp/hard/libc.a(lib_a-__call_atexit.o)
 .text.__call_exitprocs
                0x0000000000006568       0xcc /opt/gcc-arm-none-eabi-9-2020-q2-update/bin/../lib/gcc/arm-none-eabi/9.3.1/../../../../arm-none-eabi/lib/thumb/v7e-m+fp/hard/libc.a(lib_a-__call_atexit.o)
                0x0000000000006568                __call_exitprocs
 .text.atexit   0x0000000000006634        0xc /opt/gcc-arm-none-eabi-9-2020-q2-update/bin/../lib/gcc/arm-none-eabi/9.3.1/../../../../arm-none-eabi/lib/thumb/v7e-m+fp/hard/libc.a(lib_a-atexit.o)
                0x0000000000006634                atexit
 .text.quorem   0x0000000000006640      0x11c /opt/gcc-arm-none-eabi-9-2020-q2-update/bin/../lib/gcc/arm-none-eabi/9.3.1/../../../../arm-none-eabi/lib/thumb/v7e-m+fp/hard/libc.a(lib_a-dtoa.o)
 *fill*         0x000000000000675c        0x4 
 .text._dtoa_r  0x0000000000006760      0xf44 /opt/gcc-arm-none-eabi-9-2020-q2-update/bin/../lib/gcc/arm-none-eabi/9.3.1/../../../../arm-none-eabi/lib/thumb/v7e-m+fp/hard/libc.a(lib_a-dtoa.o)
                0x0000000000006760                _dtoa_r
 .text.__sflush_r
                0x00000000000076a4      0x130 /opt/gcc-arm-none-eabi-9-2020-q2-update/bin/../lib/gcc/arm-none-eabi/9.3.1/../../../../arm-none-eabi/lib/thumb/v7e-m+fp/hard/libc.a(lib_a-fflush.o)
                0x00000000000076a4                __sflush_r
 .text._fflush_r
                0x00000000000077d4       0x5c /opt/gcc-arm-none-eabi-9-2020-q2-update/bin/../lib/gcc/arm-none-eabi/9.3.1/../../../../arm-none-eabi/lib/thumb/v7e-m+fp/hard/libc.a(lib_a-fflush.o)
                0x00000000000077d4                _fflush_r
 .text.std      0x0000000000007830       0x50 /opt/gcc-arm-none-eabi-9-2020-q2-update/bin/../lib/gcc/arm-none-eabi/9.3.1/../../../../arm-none-eabi/lib/thumb/v7e-m+fp/hard/libc.a(lib_a-findfp.o)
 .text._cleanup_r
                0x0000000000007880        0xc /opt/gcc-arm-none-eabi-9-2020-q2-update/bin/../lib/gcc/arm-none-eabi/9.3.1/../../../../arm-none-eabi/lib/thumb/v7e-m+fp/hard/libc.a(lib_a-findfp.o)
                0x0000000000007880                _cleanup_r
 .text.__sinit  0x000000000000788c       0x54 /opt/gcc-arm-none-eabi-9-2020-q2-update/bin/../lib/gcc/arm-none-eabi/9.3.1/../../../../arm-none-eabi/lib/thumb/v7e-m+fp/hard/libc.a(lib_a-findfp.o)
                0x000000000000788c                __sinit
 .text.__sfp_lock_acquire
                0x00000000000078e0        0xc /opt/gcc-arm-none-eabi-9-2020-q2-update/bin/../lib/gcc/arm-none-eabi/9.3.1/../../../../arm-none-eabi/lib/thumb/v7e-m+fp/hard/libc.a(lib_a-findfp.o)
                0x00000000000078e0                __sfp_lock_acquire
 .text.__sfp_lock_release
                0x00000000000078ec        0xc /opt/gcc-arm-none-eabi-9-2020-q2-update/bin/../lib/gcc/arm-none-eabi/9.3.1/../../../../arm-none-eabi/lib/thumb/v7e-m+fp/hard/libc.a(lib_a-findfp.o)
                0x00000000000078ec                __sfp_lock_release
 .text.__libc_fini_array
                0x00000000000078f8       0x2c /opt/gcc-arm-none-eabi-9-2020-q2-update/bin/../lib/gcc/arm-none-eabi/9.3.1/../../../../arm-none-eabi/lib/thumb/v7e-m+fp/hard/libc.a(lib_a-fini.o)
                0x00000000000078f8                __libc_fini_array
 .text._malloc_trim_r
                0x0000000000007924       0xa0 /opt/gcc-arm-none-eabi-9-2020-q2-update/bin/../lib/gcc/arm-none-eabi/9.3.1/../../../../arm-none-eabi/lib/thumb/v7e-m+fp/hard/libc.a(lib_a-freer.o)
                0x0000000000007924                _malloc_trim_r
 .text._free_r  0x00000000000079c4      0x208 /opt/gcc-arm-none-eabi-9-2020-q2-update/bin/../lib/gcc/arm-none-eabi/9.3.1/../../../../arm-none-eabi/lib/thumb/v7e-m+fp/hard/libc.a(lib_a-freer.o)
                0x00000000000079c4                _free_r
 .text._fwalk_reent
                0x0000000000007bcc       0x48 /opt/gcc-arm-none-eabi-9-2020-q2-update/bin/../lib/gcc/arm-none-eabi/9.3.1/../../../../arm-none-eabi/lib/thumb/v7e-m+fp/hard/libc.a(lib_a-fwalk.o)
                0x0000000000007bcc                _fwalk_reent
 .text._localeconv_r
                0x0000000000007c14        0x8 /opt/gcc-arm-none-eabi-9-2020-q2-update/bin/../lib/gcc/arm-none-eabi/9.3.1/../../../../arm-none-eabi/lib/thumb/v7e-m+fp/hard/libc.a(lib_a-localeconv.o)
                0x0000000000007c14                _localeconv_r
 .text.__retarget_lock_init_recursive
                0x0000000000007c1c        0x4 /opt/gcc-arm-none-eabi-9-2020-q2-update/bin/../lib/gcc/arm-none-eabi/9.3.1/../../../../arm-none-eabi/lib/thumb/v7e-m+fp/hard/libc.a(lib_a-lock.o)
                0x0000000000007c1c                __retarget_lock_init_recursive
 .text.__retarget_lock_close_recursive
                0x0000000000007c20        0x4 /opt/gcc-arm-none-eabi-9-2020-q2-update/bin/../lib/gcc/arm-none-eabi/9.3.1/../../../../arm-none-eabi/lib/thumb/v7e-m+fp/hard/libc.a(lib_a-lock.o)
                0x0000000000007c20                __retarget_lock_close_recursive
 .text.__retarget_lock_acquire_recursive
                0x0000000000007c24        0x4 /opt/gcc-arm-none-eabi-9-2020-q2-update/bin/../lib/gcc/arm-none-eabi/9.3.1/../../../../arm-none-eabi/lib/thumb/v7e-m+fp/hard/libc.a(lib_a-lock.o)
                0x0000000000007c24                __retarget_lock_acquire_recursive
 .text.__retarget_lock_release_recursive
                0x0000000000007c28        0x4 /opt/gcc-arm-none-eabi-9-2020-q2-update/bin/../lib/gcc/arm-none-eabi/9.3.1/../../../../arm-none-eabi/lib/thumb/v7e-m+fp/hard/libc.a(lib_a-lock.o)
                0x0000000000007c28                __retarget_lock_release_recursive
 .text.__swhatbuf_r
                0x0000000000007c2c       0x5c /opt/gcc-arm-none-eabi-9-2020-q2-update/bin/../lib/gcc/arm-none-eabi/9.3.1/../../../../arm-none-eabi/lib/thumb/v7e-m+fp/hard/libc.a(lib_a-makebuf.o)
                0x0000000000007c2c                __swhatbuf_r
 .text.__smakebuf_r
                0x0000000000007c88       0x98 /opt/gcc-arm-none-eabi-9-2020-q2-update/bin/../lib/gcc/arm-none-eabi/9.3.1/../../../../arm-none-eabi/lib/thumb/v7e-m+fp/hard/libc.a(lib_a-makebuf.o)
                0x0000000000007c88                __smakebuf_r
 .text.malloc   0x0000000000007d20       0x10 /opt/gcc-arm-none-eabi-9-2020-q2-update/bin/../lib/gcc/arm-none-eabi/9.3.1/../../../../arm-none-eabi/lib/thumb/v7e-m+fp/hard/libc.a(lib_a-malloc.o)
                0x0000000000007d20                malloc
 .text._malloc_r
                0x0000000000007d30      0x574 /opt/gcc-arm-none-eabi-9-2020-q2-update/bin/../lib/gcc/arm-none-eabi/9.3.1/../../../../arm-none-eabi/lib/thumb/v7e-m+fp/hard/libc.a(lib_a-mallocr.o)
                0x0000000000007d30                _malloc_r
 *fill*         0x00000000000082a4        0xc 
 .text          0x00000000000082b0       0xa0 /opt/gcc-arm-none-eabi-9-2020-q2-update/bin/../lib/gcc/arm-none-eabi/9.3.1/../../../../arm-none-eabi/lib/thumb/v7e-m+fp/hard/libc.a(lib_a-memchr.o)
                0x00000000000082b0                memchr
 .text.__malloc_lock
                0x0000000000008350        0xc /opt/gcc-arm-none-eabi-9-2020-q2-update/bin/../lib/gcc/arm-none-eabi/9.3.1/../../../../arm-none-eabi/lib/thumb/v7e-m+fp/hard/libc.a(lib_a-mlock.o)
                0x0000000000008350                __malloc_lock
 .text.__malloc_unlock
                0x000000000000835c        0xc /opt/gcc-arm-none-eabi-9-2020-q2-update/bin/../lib/gcc/arm-none-eabi/9.3.1/../../../../arm-none-eabi/lib/thumb/v7e-m+fp/hard/libc.a(lib_a-mlock.o)
                0x000000000000835c                __malloc_unlock
 .text._Balloc  0x0000000000008368       0x4c /opt/gcc-arm-none-eabi-9-2020-q2-update/bin/../lib/gcc/arm-none-eabi/9.3.1/../../../../arm-none-eabi/lib/thumb/v7e-m+fp/hard/libc.a(lib_a-mprec.o)
                0x0000000000008368                _Balloc
 .text._Bfree   0x00000000000083b4       0x14 /opt/gcc-arm-none-eabi-9-2020-q2-update/bin/../lib/gcc/arm-none-eabi/9.3.1/../../../../arm-none-eabi/lib/thumb/v7e-m+fp/hard/libc.a(lib_a-mprec.o)
                0x00000000000083b4                _Bfree
 .text.__multadd
                0x00000000000083c8       0xac /opt/gcc-arm-none-eabi-9-2020-q2-update/bin/../lib/gcc/arm-none-eabi/9.3.1/../../../../arm-none-eabi/lib/thumb/v7e-m+fp/hard/libc.a(lib_a-mprec.o)
                0x00000000000083c8                __multadd
 .text.__hi0bits
                0x0000000000008474       0x40 /opt/gcc-arm-none-eabi-9-2020-q2-update/bin/../lib/gcc/arm-none-eabi/9.3.1/../../../../arm-none-eabi/lib/thumb/v7e-m+fp/hard/libc.a(lib_a-mprec.o)
                0x0000000000008474                __hi0bits
 .text.__lo0bits
                0x00000000000084b4       0x60 /opt/gcc-arm-none-eabi-9-2020-q2-update/bin/../lib/gcc/arm-none-eabi/9.3.1/../../../../arm-none-eabi/lib/thumb/v7e-m+fp/hard/libc.a(lib_a-mprec.o)
                0x00000000000084b4                __lo0bits
 .text.__i2b    0x0000000000008514       0x2c /opt/gcc-arm-none-eabi-9-2020-q2-update/bin/../lib/gcc/arm-none-eabi/9.3.1/../../../../arm-none-eabi/lib/thumb/v7e-m+fp/hard/libc.a(lib_a-mprec.o)
                0x0000000000008514                __i2b
 .text.__multiply
                0x0000000000008540      0x160 /opt/gcc-arm-none-eabi-9-2020-q2-update/bin/../lib/gcc/arm-none-eabi/9.3.1/../../../../arm-none-eabi/lib/thumb/v7e-m+fp/hard/libc.a(lib_a-mprec.o)
                0x0000000000008540                __multiply
 .text.__pow5mult
                0x00000000000086a0       0x98 /opt/gcc-arm-none-eabi-9-2020-q2-update/bin/../lib/gcc/arm-none-eabi/9.3.1/../../../../arm-none-eabi/lib/thumb/v7e-m+fp/hard/libc.a(lib_a-mprec.o)
                0x00000000000086a0                __pow5mult
 .text.__lshift
                0x0000000000008738       0xe8 /opt/gcc-arm-none-eabi-9-2020-q2-update/bin/../lib/gcc/arm-none-eabi/9.3.1/../../../../arm-none-eabi/lib/thumb/v7e-m+fp/hard/libc.a(lib_a-mprec.o)
                0x0000000000008738                __lshift
 .text.__mcmp   0x0000000000008820       0x3c /opt/gcc-arm-none-eabi-9-2020-q2-update/bin/../lib/gcc/arm-none-eabi/9.3.1/../../../../arm-none-eabi/lib/thumb/v7e-m+fp/hard/libc.a(lib_a-mprec.o)
                0x0000000000008820                __mcmp
 .text.__mdiff  0x000000000000885c      0x148 /opt/gcc-arm-none-eabi-9-2020-q2-update/bin/../lib/gcc/arm-none-eabi/9.3.1/../../../../arm-none-eabi/lib/thumb/v7e-m+fp/hard/libc.a(lib_a-mprec.o)
                0x000000000000885c                __mdiff
 .text.__d2b    0x00000000000089a4       0xd0 /opt/gcc-arm-none-eabi-9-2020-q2-update/bin/../lib/gcc/arm-none-eabi/9.3.1/../../../../arm-none-eabi/lib/thumb/v7e-m+fp/hard/libc.a(lib_a-mprec.o)
                0x00000000000089a4                __d2b
 .text.frexp    0x0000000000008a74       0x6c /opt/gcc-arm-none-eabi-9-2020-q2-update/bin/../lib/gcc/arm-none-eabi/9.3.1/../../../../arm-none-eabi/lib/thumb/v7e-m+fp/hard/libc.a(lib_a-s_frexp.o)
                0x0000000000008a74                frexp
 .text._sbrk_r  0x0000000000008ae0       0x24 /opt/gcc-arm-none-eabi-9-2020-q2-update/bin/../lib/gcc/arm-none-eabi/9.3.1/../../../../arm-none-eabi/lib/thumb/v7e-m+fp/hard/libc.a(lib_a-sbrkr.o)
                0x0000000000008ae0                _sbrk_r
 .text.__sread  0x0000000000008b04       0x24 /opt/gcc-arm-none-eabi-9-2020-q2-update/bin/../lib/gcc/arm-none-eabi/9.3.1/../../../../arm-none-eabi/lib/thumb/v7e-m+fp/hard/libc.a(lib_a-stdio.o)
                0x0000000000008b04                __sread
 .text.__swrite
                0x0000000000008b28       0x40 /opt/gcc-arm-none-eabi-9-2020-q2-update/bin/../lib/gcc/arm-none-eabi/9.3.1/../../../../arm-none-eabi/lib/thumb/v7e-m+fp/hard/libc.a(lib_a-stdio.o)
                0x0000000000008b28                __swrite
 .text.__sseek  0x0000000000008b68       0x20 /opt/gcc-arm-none-eabi-9-2020-q2-update/bin/../lib/gcc/arm-none-eabi/9.3.1/../../../../arm-none-eabi/lib/thumb/v7e-m+fp/hard/libc.a(lib_a-stdio.o)
                0x0000000000008b68                __sseek
 .text.__sclose
                0x0000000000008b88        0x8 /opt/gcc-arm-none-eabi-9-2020-q2-update/bin/../lib/gcc/arm-none-eabi/9.3.1/../../../../arm-none-eabi/lib/thumb/v7e-m+fp/hard/libc.a(lib_a-stdio.o)
                0x0000000000008b88                __sclose
 .text.strncpy  0x0000000000008b90       0x68 /opt/gcc-arm-none-eabi-9-2020-q2-update/bin/../lib/gcc/arm-none-eabi/9.3.1/../../../../arm-none-eabi/lib/thumb/v7e-m+fp/hard/libc.a(lib_a-strncpy.o)
                0x0000000000008b90                strncpy
 .text.__sprint_r.part.0
                0x0000000000008bf8       0x78 /opt/gcc-arm-none-eabi-9-2020-q2-update/bin/../lib/gcc/arm-none-eabi/9.3.1/../../../../arm-none-eabi/lib/thumb/v7e-m+fp/hard/libc.a(lib_a-vfiprintf.o)
 .text.__sprint_r
                0x0000000000008c70       0x18 /opt/gcc-arm-none-eabi-9-2020-q2-update/bin/../lib/gcc/arm-none-eabi/9.3.1/../../../../arm-none-eabi/lib/thumb/v7e-m+fp/hard/libc.a(lib_a-vfiprintf.o)
                0x0000000000008c70                __sprint_r
 .text._vfiprintf_r
                0x0000000000008c88      0xd4c /opt/gcc-arm-none-eabi-9-2020-q2-update/bin/../lib/gcc/arm-none-eabi/9.3.1/../../../../arm-none-eabi/lib/thumb/v7e-m+fp/hard/libc.a(lib_a-vfiprintf.o)
                0x0000000000008c88                _vfiprintf_r
 .text.__sbprintf
                0x00000000000099d4       0x84 /opt/gcc-arm-none-eabi-9-2020-q2-update/bin/../lib/gcc/arm-none-eabi/9.3.1/../../../../arm-none-eabi/lib/thumb/v7e-m+fp/hard/libc.a(lib_a-vfiprintf.o)
 .text._write_r
                0x0000000000009a58       0x2c /opt/gcc-arm-none-eabi-9-2020-q2-update/bin/../lib/gcc/arm-none-eabi/9.3.1/../../../../arm-none-eabi/lib/thumb/v7e-m+fp/hard/libc.a(lib_a-writer.o)
                0x0000000000009a58                _write_r
 .text.__register_exitproc
                0x0000000000009a84       0x8c /opt/gcc-arm-none-eabi-9-2020-q2-update/bin/../lib/gcc/arm-none-eabi/9.3.1/../../../../arm-none-eabi/lib/thumb/v7e-m+fp/hard/libc.a(lib_a-__atexit.o)
                0x0000000000009a84                __register_exitproc
 .text.__assert_func
                0x0000000000009b10       0x3c /opt/gcc-arm-none-eabi-9-2020-q2-update/bin/../lib/gcc/arm-none-eabi/9.3.1/../../../../arm-none-eabi/lib/thumb/v7e-m+fp/hard/libc.a(lib_a-assert.o)
                0x0000000000009b10                __assert_func
 .text._calloc_r
                0x0000000000009b4c       0x60 /opt/gcc-arm-none-eabi-9-2020-q2-update/bin/../lib/gcc/arm-none-eabi/9.3.1/../../../../arm-none-eabi/lib/thumb/v7e-m+fp/hard/libc.a(lib_a-callocr.o)
                0x0000000000009b4c                _calloc_r
 .text._close_r
                0x0000000000009bac       0x24 /opt/gcc-arm-none-eabi-9-2020-q2-update/bin/../lib/gcc/arm-none-eabi/9.3.1/../../../../arm-none-eabi/lib/thumb/v7e-m+fp/hard/libc.a(lib_a-closer.o)
                0x0000000000009bac                _close_r
 .text._fclose_r
                0x0000000000009bd0       0xcc /opt/gcc-arm-none-eabi-9-2020-q2-update/bin/../lib/gcc/arm-none-eabi/9.3.1/../../../../arm-none-eabi/lib/thumb/v7e-m+fp/hard/libc.a(lib_a-fclose.o)
                0x0000000000009bd0                _fclose_r
 .text.fiprintf
                0x0000000000009c9c       0x28 /opt/gcc-arm-none-eabi-9-2020-q2-update/bin/../lib/gcc/arm-none-eabi/9.3.1/../../../../arm-none-eabi/lib/thumb/v7e-m+fp/hard/libc.a(lib_a-fiprintf.o)
                0x0000000000009c9c                fiprintf
 .text.__fputwc
                0x0000000000009cc4       0xa8 /opt/gcc-arm-none-eabi-9-2020-q2-update/bin/../lib/gcc/arm-none-eabi/9.3.1/../../../../arm-none-eabi/lib/thumb/v7e-m+fp/hard/libc.a(lib_a-fputwc.o)
                0x0000000000009cc4                __fputwc
 .text._fputwc_r
                0x0000000000009d6c       0x68 /opt/gcc-arm-none-eabi-9-2020-q2-update/bin/../lib/gcc/arm-none-eabi/9.3.1/../../../../arm-none-eabi/lib/thumb/v7e-m+fp/hard/libc.a(lib_a-fputwc.o)
                0x0000000000009d6c                _fputwc_r
 .text._fstat_r
                0x0000000000009dd4       0x2c /opt/gcc-arm-none-eabi-9-2020-q2-update/bin/../lib/gcc/arm-none-eabi/9.3.1/../../../../arm-none-eabi/lib/thumb/v7e-m+fp/hard/libc.a(lib_a-fstatr.o)
                0x0000000000009dd4                _fstat_r
 .text.__sfvwrite_r
                0x0000000000009e00      0x2e0 /opt/gcc-arm-none-eabi-9-2020-q2-update/bin/../lib/gcc/arm-none-eabi/9.3.1/../../../../arm-none-eabi/lib/thumb/v7e-m+fp/hard/libc.a(lib_a-fvwrite.o)
                0x0000000000009e00                __sfvwrite_r
 .text._isatty_r
                0x000000000000a0e0       0x24 /opt/gcc-arm-none-eabi-9-2020-q2-update/bin/../lib/gcc/arm-none-eabi/9.3.1/../../../../arm-none-eabi/lib/thumb/v7e-m+fp/hard/libc.a(lib_a-isattyr.o)
                0x000000000000a0e0                _isatty_r
 .text.__locale_mb_cur_max
                0x000000000000a104        0xc /opt/gcc-arm-none-eabi-9-2020-q2-update/bin/../lib/gcc/arm-none-eabi/9.3.1/../../../../arm-none-eabi/lib/thumb/v7e-m+fp/hard/libc.a(lib_a-locale.o)
                0x000000000000a104                __locale_mb_cur_max
 .text._lseek_r
                0x000000000000a110       0x2c /opt/gcc-arm-none-eabi-9-2020-q2-update/bin/../lib/gcc/arm-none-eabi/9.3.1/../../../../arm-none-eabi/lib/thumb/v7e-m+fp/hard/libc.a(lib_a-lseekr.o)
                0x000000000000a110                _lseek_r
 .text.__ascii_mbtowc
                0x000000000000a13c       0x2c /opt/gcc-arm-none-eabi-9-2020-q2-update/bin/../lib/gcc/arm-none-eabi/9.3.1/../../../../arm-none-eabi/lib/thumb/v7e-m+fp/hard/libc.a(lib_a-mbtowc_r.o)
                0x000000000000a13c                __ascii_mbtowc
 .text.memmove  0x000000000000a168       0xd8 /opt/gcc-arm-none-eabi-9-2020-q2-update/bin/../lib/gcc/arm-none-eabi/9.3.1/../../../../arm-none-eabi/lib/thumb/v7e-m+fp/hard/libc.a(lib_a-memmove.o)
                0x000000000000a168                memmove
 .text._read_r  0x000000000000a240       0x2c /opt/gcc-arm-none-eabi-9-2020-q2-update/bin/../lib/gcc/arm-none-eabi/9.3.1/../../../../arm-none-eabi/lib/thumb/v7e-m+fp/hard/libc.a(lib_a-readr.o)
                0x000000000000a240                _read_r
 .text._realloc_r
                0x000000000000a26c      0x3e0 /opt/gcc-arm-none-eabi-9-2020-q2-update/bin/../lib/gcc/arm-none-eabi/9.3.1/../../../../arm-none-eabi/lib/thumb/v7e-m+fp/hard/libc.a(lib_a-reallocr.o)
                0x000000000000a26c                _realloc_r
 .text.__swbuf_r
                0x000000000000a64c       0xb0 /opt/gcc-arm-none-eabi-9-2020-q2-update/bin/../lib/gcc/arm-none-eabi/9.3.1/../../../../arm-none-eabi/lib/thumb/v7e-m+fp/hard/libc.a(lib_a-wbuf.o)
                0x000000000000a64c                __swbuf_r
 .text._wcrtomb_r
                0x000000000000a6fc       0x3c /opt/gcc-arm-none-eabi-9-2020-q2-update/bin/../lib/gcc/arm-none-eabi/9.3.1/../../../../arm-none-eabi/lib/thumb/v7e-m+fp/hard/libc.a(lib_a-wcrtomb.o)
                0x000000000000a6fc                _wcrtomb_r
 .text.__ascii_wctomb
                0x000000000000a738       0x1c /opt/gcc-arm-none-eabi-9-2020-q2-update/bin/../lib/gcc/arm-none-eabi/9.3.1/../../../../arm-none-eabi/lib/thumb/v7e-m+fp/hard/libc.a(lib_a-wctomb_r.o)
                0x000000000000a738                __ascii_wctomb
 .text.abort    0x000000000000a754       0x10 /opt/gcc-arm-none-eabi-9-2020-q2-update/bin/../lib/gcc/arm-none-eabi/9.3.1/../../../../arm-none-eabi/lib/thumb/v7e-m+fp/hard/libc.a(lib_a-abort.o)
                0x000000000000a754                abort
 .text._raise_r
                0x000000000000a764       0x58 /opt/gcc-arm-none-eabi-9-2020-q2-update/bin/../lib/gcc/arm-none-eabi/9.3.1/../../../../arm-none-eabi/lib/thumb/v7e-m+fp/hard/libc.a(lib_a-signal.o)
                0x000000000000a764                _raise_r
 .text.raise    0x000000000000a7bc       0x10 /opt/gcc-arm-none-eabi-9-2020-q2-update/bin/../lib/gcc/arm-none-eabi/9.3.1/../../../../arm-none-eabi/lib/thumb/v7e-m+fp/hard/libc.a(lib_a-signal.o)
                0x000000000000a7bc                raise
 .text._kill_r  0x000000000000a7cc       0x2c /opt/gcc-arm-none-eabi-9-2020-q2-update/bin/../lib/gcc/arm-none-eabi/9.3.1/../../../../arm-none-eabi/lib/thumb/v7e-m+fp/hard/libc.a(lib_a-signalr.o)
                0x000000000000a7cc                _kill_r
 .text._getpid_r
                0x000000000000a7f8        0x4 /opt/gcc-arm-none-eabi-9-2020-q2-update/bin/../lib/gcc/arm-none-eabi/9.3.1/../../../../arm-none-eabi/lib/thumb/v7e-m+fp/hard/libc.a(lib_a-signalr.o)
                0x000000000000a7f8                _getpid_r
 .text._close   0x000000000000a7fc       0x10 /opt/gcc-arm-none-eabi-9-2020-q2-update/bin/../lib/gcc/arm-none-eabi/9.3.1/../../../../arm-none-eabi/lib/thumb/v7e-m+fp/hard/libnosys.a(close.o)
                0x000000000000a7fc                _close
 .text._fstat   0x000000000000a80c       0x10 /opt/gcc-arm-none-eabi-9-2020-q2-update/bin/../lib/gcc/arm-none-eabi/9.3.1/../../../../arm-none-eabi/lib/thumb/v7e-m+fp/hard/libnosys.a(fstat.o)
                0x000000000000a80c                _fstat
 .text._getpid  0x000000000000a81c       0x10 /opt/gcc-arm-none-eabi-9-2020-q2-update/bin/../lib/gcc/arm-none-eabi/9.3.1/../../../../arm-none-eabi/lib/thumb/v7e-m+fp/hard/libnosys.a(getpid.o)
                0x000000000000a81c                _getpid
 .text._isatty  0x000000000000a82c       0x10 /opt/gcc-arm-none-eabi-9-2020-q2-update/bin/../lib/gcc/arm-none-eabi/9.3.1/../../../../arm-none-eabi/lib/thumb/v7e-m+fp/hard/libnosys.a(isatty.o)
                0x000000000000a82c                _isatty
 .text._kill    0x000000000000a83c       0x10 /opt/gcc-arm-none-eabi-9-2020-q2-update/bin/../lib/gcc/arm-none-eabi/9.3.1/../../../../arm-none-eabi/lib/thumb/v7e-m+fp/hard/libnosys.a(kill.o)
                0x000000000000a83c                _kill
 .text._lseek   0x000000000000a84c       0x10 /opt/gcc-arm-none-eabi-9-2020-q2-update/bin/../lib/gcc/arm-none-eabi/9.3.1/../../../../arm-none-eabi/lib/thumb/v7e-m+fp/hard/libnosys.a(lseek.o)
                0x000000000000a84c                _lseek
 .text._sbrk    0x000000000000a85c       0x1c /opt/gcc-arm-none-eabi-9-2020-q2-update/bin/../lib/gcc/arm-none-eabi/9.3.1/../../../../arm-none-eabi/lib/thumb/v7e-m+fp/hard/libnosys.a(sbrk.o)
                0x000000000000a85c                _sbrk
 .text._exit    0x000000000000a878        0x4 /opt/gcc-arm-none-eabi-9-2020-q2-update/bin/../lib/gcc/arm-none-eabi/9.3.1/../../../../arm-none-eabi/lib/thumb/v7e-m+fp/hard/libnosys.a(_exit.o)
                0x000000000000a878                _exit
 .text          0x000000000000a87c      0x378 /opt/gcc-arm-none-eabi-9-2020-q2-update/bin/../lib/gcc/arm-none-eabi/9.3.1/thumb/v7e-m+fp/hard/libgcc.a(_arm_addsubdf3.o)
                0x000000000000a87c                __aeabi_drsub
                0x000000000000a884                __aeabi_dsub
                0x000000000000a884                __subdf3
                0x000000000000a888                __adddf3
                0x000000000000a888                __aeabi_dadd
                0x000000000000ab00                __aeabi_ui2d
                0x000000000000ab00                __floatunsidf
                0x000000000000ab20                __floatsidf
                0x000000000000ab20                __aeabi_i2d
                0x000000000000ab44                __extendsfdf2
                0x000000000000ab44                __aeabi_f2d
                0x000000000000ab88                __aeabi_ul2d
                0x000000000000ab88                __floatundidf
                0x000000000000ab98                __floatdidf
                0x000000000000ab98                __aeabi_l2d
 .text          0x000000000000abf4      0x424 /opt/gcc-arm-none-eabi-9-2020-q2-update/bin/../lib/gcc/arm-none-eabi/9.3.1/thumb/v7e-m+fp/hard/libgcc.a(_arm_muldivdf3.o)
                0x000000000000abf4                __aeabi_dmul
                0x000000000000abf4                __muldf3
                0x000000000000ae48                __aeabi_ddiv
                0x000000000000ae48                __divdf3
 .text          0x000000000000b018      0x110 /opt/gcc-arm-none-eabi-9-2020-q2-update/bin/../lib/gcc/arm-none-eabi/9.3.1/thumb/v7e-m+fp/hard/libgcc.a(_arm_cmpdf2.o)
                0x000000000000b018                __gtdf2
                0x000000000000b018                __gedf2
                0x000000000000b020                __ltdf2
                0x000000000000b020                __ledf2
                0x000000000000b028                __cmpdf2
                0x000000000000b028                __eqdf2
                0x000000000000b028                __nedf2
                0x000000000000b0a4                __aeabi_cdrcmple
                0x000000000000b0b4                __aeabi_cdcmple
                0x000000000000b0b4                __aeabi_cdcmpeq
                0x000000000000b0c4                __aeabi_dcmpeq
                0x000000000000b0d8                __aeabi_dcmplt
                0x000000000000b0ec                __aeabi_dcmple
                0x000000000000b100                __aeabi_dcmpge
                0x000000000000b114                __aeabi_dcmpgt
 .text          0x000000000000b128       0x2c /opt/gcc-arm-none-eabi-9-2020-q2-update/bin/../lib/gcc/arm-none-eabi/9.3.1/thumb/v7e-m+fp/hard/libgcc.a(_arm_unorddf2.o)
                0x000000000000b128                __aeabi_dcmpun
                0x000000000000b128                __unorddf2
 .text          0x000000000000b154       0x50 /opt/gcc-arm-none-eabi-9-2020-q2-update/bin/../lib/gcc/arm-none-eabi/9.3.1/thumb/v7e-m+fp/hard/libgcc.a(_arm_fixdfsi.o)
                0x000000000000b154                __fixdfsi
                0x000000000000b154                __aeabi_d2iz
 .text          0x000000000000b1a4       0x30 /opt/gcc-arm-none-eabi-9-2020-q2-update/bin/../lib/gcc/arm-none-eabi/9.3.1/thumb/v7e-m+fp/hard/libgcc.a(_aeabi_uldivmod.o)
                0x000000000000b1a4                __aeabi_uldivmod
 .text          0x000000000000b1d4      0x2c4 /opt/gcc-arm-none-eabi-9-2020-q2-update/bin/../lib/gcc/arm-none-eabi/9.3.1/thumb/v7e-m+fp/hard/libgcc.a(_udivmoddi4.o)
                0x000000000000b1d4                __udivmoddi4
 .text          0x000000000000b498        0x4 /opt/gcc-arm-none-eabi-9-2020-q2-update/bin/../lib/gcc/arm-none-eabi/9.3.1/thumb/v7e-m+fp/hard/libgcc.a(_dvmd_tls.o)
                0x000000000000b498                __aeabi_ldiv0
                0x000000000000b498                __aeabi_idiv0
 *(.init)
 .init          0x000000000000b49c        0x4 /opt/gcc-arm-none-eabi-9-2020-q2-update/bin/../lib/gcc/arm-none-eabi/9.3.1/thumb/v7e-m+fp/hard/crti.o
                0x000000000000b49c                _init
 .init          0x000000000000b4a0        0x8 /opt/gcc-arm-none-eabi-9-2020-q2-update/bin/../lib/gcc/arm-none-eabi/9.3.1/thumb/v7e-m+fp/hard/crtn.o
 *(.fini)
 .fini          0x000000000000b4a8        0x4 /opt/gcc-arm-none-eabi-9-2020-q2-update/bin/../lib/gcc/arm-none-eabi/9.3.1/thumb/v7e-m+fp/hard/crti.o
                0x000000000000b4a8                _fini
 .fini          0x000000000000b4ac        0x8 /opt/gcc-arm-none-eabi-9-2020-q2-update/bin/../lib/gcc/arm-none-eabi/9.3.1/thumb/v7e-m+fp/hard/crtn.o
 *crtbegin.o(.ctors)
 *crtbegin?.o(.ctors)
 *(EXCLUDE_FILE(*crtend.o *crtend?.o) .ctors)
 *(SORT_BY_NAME(.ctors.*))
 *(.ctors)
 *crtbegin.o(.dtors)
 *crtbegin?.o(.dtors)
 *(EXCLUDE_FILE(*crtend.o *crtend?.o) .dtors)
 *(SORT_BY_NAME(.dtors.*))
 *(.dtors)
 *(.rodata*)
 .rodata.print_data.str1.1
                0x000000000000b4b4       0x22 _build/Sonic_sensor_driver.o
 .rodata.sonic_init.str1.1
                0x000000000000b4d6       0x14 _build/Sonic_sensor_driver.o
                                         0x16 (size before relaxing)
 *fill*         0x000000000000b4ea        0x6 
 .rodata.delay_machine_code.8590
                0x000000000000b4f0        0x6 _build/Sonic_sensor_driver.o
 .rodata.main.str1.1
                0x000000000000b4f6       0x11 _build/main.o
 *fill*         0x000000000000b507        0x1 
 .rodata        0x000000000000b508       0x10 _build/main.o
 *fill*         0x000000000000b518        0x8 
 .rodata.delay_machine_code.9123
                0x000000000000b520        0x6 _build/main.o
 *fill*         0x000000000000b526        0x2 
 .rodata.twi_mngr_instance
                0x000000000000b528       0x18 _build/main.o
 .rodata.nrf_gpio_pin_port_decode.str1.1
                0x000000000000b540       0x3d _build/better_error_handling.o
 .rodata.app_error_fault_handler.str1.1
                0x000000000000b57d       0x78 _build/better_error_handling.o
 .rodata.LED_COLS
                0x000000000000b5f5        0x5 _build/better_error_handling.o
 .rodata.LED_ROWS
                0x000000000000b5fa        0x5 _build/better_error_handling.o
 *fill*         0x000000000000b5ff        0x1 
 .rodata.delay_machine_code.8602
                0x000000000000b600        0x6 _build/better_error_handling.o
 .rodata.uart_init.constprop.0.str1.1
                0x000000000000b606       0x49 _build/microbit_nrf_log_backend_uart.o
 *fill*         0x000000000000b64f        0x1 
 .rodata        0x000000000000b650       0x20 _build/microbit_nrf_log_backend_uart.o
 .rodata.nrf_log_backend_uart_api
                0x000000000000b670        0xc _build/microbit_nrf_log_backend_uart.o
                0x000000000000b670                nrf_log_backend_uart_api
 .rodata.called_first.str1.1
                0x000000000000b67c       0x43 _build/microbit_before_startup.o
 *fill*         0x000000000000b6bf        0x1 
 .rodata.delay_machine_code.8590
                0x000000000000b6c0        0x6 _build/microbit_before_startup.o
 *fill*         0x000000000000b6c6        0xa 
 .rodata.delay_machine_code.9248
                0x000000000000b6d0        0x6 _build/app_timer.o
 .rodata.app_util_critical_region_enter.str1.1
                0x000000000000b6d6       0x4f _build/app_util_platform.o
 .rodata.HardFault_c_handler.str1.1
                0x000000000000b725      0x12e _build/hardfault_implementation.o
 .rodata.str1.1
                0x000000000000b853      0x4c0 _build/hardfault_implementation.o
 *fill*         0x000000000000bd13        0x1 
 .rodata.cfsr_msgs.9441
                0x000000000000bd14       0x68 _build/hardfault_implementation.o
 .rodata.nrf_balloc_init.str1.1
                0x000000000000bd7c       0x4a _build/nrf_balloc.o
 .rodata.nrf_gpio_pin_port_decode.str1.1
                0x000000000000bdc6       0x3d _build/nrf_drv_twi.o
 *fill*         0x000000000000bdc6        0xa 
 .rodata.delay_machine_code.8590
                0x000000000000bdd0        0x6 _build/nrf_drv_twi.o
 .rodata.nrf_fprintf_buffer_flush.str1.1
                0x000000000000bdd6       0x40 _build/nrf_fprintf.o
 .rodata.nrf_fprintf_fmt.str1.1
                0x000000000000be16       0x47 _build/nrf_fprintf_format.o
 .rodata._aV2C.7922
                0x000000000000be5d       0x10 _build/nrf_fprintf_format.o
 .rodata.nrf_log_default_backends_init.str1.1
                0x000000000000be6d       0x59 _build/nrf_log_default_backends.o
 .rodata.str1.1
                0x000000000000bec6       0x11 _build/nrf_log_default_backends.o
 .rodata.buf_prealloc.str1.1
                0x000000000000bed7       0x51 _build/nrf_log_frontend.o
 .rodata.nrf_log_frontend_dequeue.str1.1
                0x000000000000bf28       0x11 _build/nrf_log_frontend.o
 .rodata.str1.1
                0x000000000000bf39        0x4 _build/nrf_log_frontend.o
 *fill*         0x000000000000bf3d        0x3 
 .rodata.m_log_push_ringbuf
                0x000000000000bf40        0xc _build/nrf_log_frontend.o
 .rodata.postfix_process.str1.1
                0x000000000000bf4c        0x8 _build/nrf_log_str_formatter.o
                                          0xb (size before relaxing)
 .rodata.prefix_process.str1.1
                0x000000000000bf54       0x2a _build/nrf_log_str_formatter.o
 .rodata.nrf_log_hexdump_entry_process.str1.1
                0x000000000000bf7e        0xf _build/nrf_log_str_formatter.o
                                         0x11 (size before relaxing)
 .rodata.str1.1
                0x000000000000bf8d       0x4b _build/nrf_log_str_formatter.o
                                         0x51 (size before relaxing)
 .rodata.m_colors
                0x000000000000bfd8       0x24 _build/nrf_log_str_formatter.o
 .rodata.severity_names
                0x000000000000bffc       0x14 _build/nrf_log_str_formatter.o
 .rodata.str1.1
                0x000000000000c010        0x9 _build/nrf_pwr_mgmt.o
 .rodata.memobj_op.str1.1
                0x000000000000c019       0x4a _build/nrf_memobj.o
 .rodata.str1.1
                0x000000000000c063      0x391 _build/nrf_strerror.o
 .rodata.m_unknown_str
                0x000000000000c3f4       0x13 _build/nrf_strerror.o
 *fill*         0x000000000000c407        0x1 
 .rodata.nrf_strerror_array
                0x000000000000c408      0x118 _build/nrf_strerror.o
 .rodata.nrf_queue_next_idx.str1.1
                0x000000000000c520       0x48 _build/nrf_queue.o
 .rodata.str1.1
                0x000000000000c568        0x6 _build/nrf_drv_clock.o
 .rodata.nrf_gpio_pin_port_decode.str1.1
                0x000000000000c56e       0x3d _build/nrfx_gpiote.o
 .rodata.str1.1
                0x000000000000c56e        0x7 _build/nrfx_gpiote.o
 .rodata.UARTE0_UART0_IRQHandler.str1.1
                0x000000000000c575       0x49 _build/nrfx_prs.o
 .rodata.str1.1
                0x000000000000c5be        0x4 _build/nrfx_prs.o
 .rodata.str1.1
                0x000000000000c5c2        0x6 _build/nrfx_saadc.o
 .rodata.str1.1
                0x000000000000c5c8        0x6 _build/nrfx_timer.o
 .rodata.nrf_gpio_pin_port_decode.str1.1
                0x000000000000c5ce       0x3d _build/nrfx_twim.o
 .rodata.SPIM0_SPIS0_TWIM0_TWIS0_SPI0_TWI0_IRQHandler.str1.1
                0x000000000000c5ce       0x46 _build/nrfx_twim.o
 .rodata.nrfx_twim_init.str1.1
                0x000000000000c614       0x3e _build/nrfx_twim.o
 .rodata.str1.1
                0x000000000000c652        0x5 _build/nrfx_twim.o
 .rodata.str1.1
                0x000000000000c657        0x6 _build/nrfx_clock.o
 .rodata.nrf_gpio_pin_port_decode.str1.1
                0x000000000000c65d       0x3d _build/nrfx_uart.o
 .rodata.nrfx_uart_init.str1.1
                0x000000000000c65d       0x46 _build/nrfx_uart.o
                                         0x84 (size before relaxing)
 .rodata.str1.1
                0x000000000000c6a3        0x5 _build/nrfx_uart.o
 .rodata.nrf_gpio_pin_port_decode.str1.1
                0x000000000000c6a8       0x3d _build/nrfx_uarte.o
 .rodata.nrfx_uarte_init.str1.1
                0x000000000000c6a8       0x47 _build/nrfx_uarte.o
                                         0x85 (size before relaxing)
 .rodata.str1.1
                0x000000000000c6ef        0x6 _build/nrfx_uarte.o
 .rodata.transaction_end_signal.str1.1
                0x000000000000c6f5       0x4e _build/nrf_twi_mngr.o
 .rodata.str1.1
                0x000000000000c743        0x4 _build/nrfx_pwm.o
 *fill*         0x000000000000c747        0x1 
 .rodata._ctype_
                0x000000000000c748      0x101 /opt/gcc-arm-none-eabi-9-2020-q2-update/bin/../lib/gcc/arm-none-eabi/9.3.1/../../../../arm-none-eabi/lib/thumb/v7e-m+fp/hard/libc.a(lib_a-ctype_.o)
                0x000000000000c748                _ctype_
 *fill*         0x000000000000c849        0x3 
 .rodata._global_impure_ptr
                0x000000000000c84c        0x4 /opt/gcc-arm-none-eabi-9-2020-q2-update/bin/../lib/gcc/arm-none-eabi/9.3.1/../../../../arm-none-eabi/lib/thumb/v7e-m+fp/hard/libc.a(lib_a-impure.o)
                0x000000000000c84c                _global_impure_ptr
 .rodata._vfprintf_r.str1.4
                0x000000000000c850       0x42 /opt/gcc-arm-none-eabi-9-2020-q2-update/bin/../lib/gcc/arm-none-eabi/9.3.1/../../../../arm-none-eabi/lib/thumb/v7e-m+fp/hard/libc.a(lib_a-vfprintf.o)
 *fill*         0x000000000000c892        0x2 
 .rodata.blanks.8713
                0x000000000000c894       0x10 /opt/gcc-arm-none-eabi-9-2020-q2-update/bin/../lib/gcc/arm-none-eabi/9.3.1/../../../../arm-none-eabi/lib/thumb/v7e-m+fp/hard/libc.a(lib_a-vfprintf.o)
 .rodata.zeroes.8714
                0x000000000000c8a4       0x10 /opt/gcc-arm-none-eabi-9-2020-q2-update/bin/../lib/gcc/arm-none-eabi/9.3.1/../../../../arm-none-eabi/lib/thumb/v7e-m+fp/hard/libc.a(lib_a-vfprintf.o)
 .rodata._dtoa_r.str1.4
                0x000000000000c8b4       0xa0 /opt/gcc-arm-none-eabi-9-2020-q2-update/bin/../lib/gcc/arm-none-eabi/9.3.1/../../../../arm-none-eabi/lib/thumb/v7e-m+fp/hard/libc.a(lib_a-dtoa.o)
                                         0xa4 (size before relaxing)
 .rodata.__multadd.str1.4
                0x000000000000c954       0x7d /opt/gcc-arm-none-eabi-9-2020-q2-update/bin/../lib/gcc/arm-none-eabi/9.3.1/../../../../arm-none-eabi/lib/thumb/v7e-m+fp/hard/libc.a(lib_a-mprec.o)
                                         0x91 (size before relaxing)
 *fill*         0x000000000000c9d1        0x7 
 .rodata.__mprec_bigtens
                0x000000000000c9d8       0x28 /opt/gcc-arm-none-eabi-9-2020-q2-update/bin/../lib/gcc/arm-none-eabi/9.3.1/../../../../arm-none-eabi/lib/thumb/v7e-m+fp/hard/libc.a(lib_a-mprec.o)
                0x000000000000c9d8                __mprec_bigtens
 .rodata.__mprec_tens
                0x000000000000ca00       0xc8 /opt/gcc-arm-none-eabi-9-2020-q2-update/bin/../lib/gcc/arm-none-eabi/9.3.1/../../../../arm-none-eabi/lib/thumb/v7e-m+fp/hard/libc.a(lib_a-mprec.o)
                0x000000000000ca00                __mprec_tens
 .rodata.p05.7485
                0x000000000000cac8        0xc /opt/gcc-arm-none-eabi-9-2020-q2-update/bin/../lib/gcc/arm-none-eabi/9.3.1/../../../../arm-none-eabi/lib/thumb/v7e-m+fp/hard/libc.a(lib_a-mprec.o)
 .rodata._vfiprintf_r.str1.4
                0x000000000000cad4       0x2f /opt/gcc-arm-none-eabi-9-2020-q2-update/bin/../lib/gcc/arm-none-eabi/9.3.1/../../../../arm-none-eabi/lib/thumb/v7e-m+fp/hard/libc.a(lib_a-vfiprintf.o)
 .rodata.blanks.8691
                0x000000000000cad4       0x10 /opt/gcc-arm-none-eabi-9-2020-q2-update/bin/../lib/gcc/arm-none-eabi/9.3.1/../../../../arm-none-eabi/lib/thumb/v7e-m+fp/hard/libc.a(lib_a-vfiprintf.o)
 .rodata.zeroes.8692
                0x000000000000cae4       0x10 /opt/gcc-arm-none-eabi-9-2020-q2-update/bin/../lib/gcc/arm-none-eabi/9.3.1/../../../../arm-none-eabi/lib/thumb/v7e-m+fp/hard/libc.a(lib_a-vfiprintf.o)
 .rodata.__assert_func.str1.4
                0x000000000000caf4       0x3f /opt/gcc-arm-none-eabi-9-2020-q2-update/bin/../lib/gcc/arm-none-eabi/9.3.1/../../../../arm-none-eabi/lib/thumb/v7e-m+fp/hard/libc.a(lib_a-assert.o)
                                         0x43 (size before relaxing)
 *fill*         0x000000000000cb33        0x1 
 .rodata._setlocale_r.str1.4
                0x000000000000cb34        0xa /opt/gcc-arm-none-eabi-9-2020-q2-update/bin/../lib/gcc/arm-none-eabi/9.3.1/../../../../arm-none-eabi/lib/thumb/v7e-m+fp/hard/libc.a(lib_a-locale.o)
                                          0xd (size before relaxing)
 *fill*         0x000000000000cb3e        0x2 
 .rodata.str1.4
                0x000000000000cb40        0x2 /opt/gcc-arm-none-eabi-9-2020-q2-update/bin/../lib/gcc/arm-none-eabi/9.3.1/../../../../arm-none-eabi/lib/thumb/v7e-m+fp/hard/libc.a(lib_a-locale.o)
 *(.eh_frame*)
 *fill*         0x000000000000cb42        0x2 
 .eh_frame      0x000000000000cb44        0x0 /opt/gcc-arm-none-eabi-9-2020-q2-update/bin/../lib/gcc/arm-none-eabi/9.3.1/thumb/v7e-m+fp/hard/crtbegin.o
 .eh_frame      0x000000000000cb44        0x4 /opt/gcc-arm-none-eabi-9-2020-q2-update/bin/../lib/gcc/arm-none-eabi/9.3.1/thumb/v7e-m+fp/hard/crtend.o

.glue_7         0x000000000000cb48        0x0
 .glue_7        0x000000000000cb48        0x0 linker stubs

.glue_7t        0x000000000000cb48        0x0
 .glue_7t       0x000000000000cb48        0x0 linker stubs

.vfp11_veneer   0x000000000000cb48        0x0
 .vfp11_veneer  0x000000000000cb48        0x0 linker stubs

.v4_bx          0x000000000000cb48        0x0
 .v4_bx         0x000000000000cb48        0x0 linker stubs

.iplt           0x000000000000cb48        0x0
 .iplt          0x000000000000cb48        0x0 /opt/gcc-arm-none-eabi-9-2020-q2-update/bin/../lib/gcc/arm-none-eabi/9.3.1/thumb/v7e-m+fp/hard/crtbegin.o

.pwr_mgmt_data  0x000000000000cb48        0x0
                0x000000000000cb48                PROVIDE (__start_pwr_mgmt_data = .)
 *(SORT_BY_NAME(.pwr_mgmt_data*))
                0x000000000000cb48                PROVIDE (__stop_pwr_mgmt_data = .)

.log_const_data
                0x000000000000cb48       0x68
                0x000000000000cb48                PROVIDE (__start_log_const_data = .)
 *(SORT_BY_NAME(.log_const_data*))
 .log_const_data_CLOCK
                0x000000000000cb48        0x8 _build/nrfx_clock.o
                0x000000000000cb48                m_nrf_log_CLOCK_logs_data_const
 .log_const_data_GPIOTE
                0x000000000000cb50        0x8 _build/nrfx_gpiote.o
                0x000000000000cb50                m_nrf_log_GPIOTE_logs_data_const
 .log_const_data_PRS
                0x000000000000cb58        0x8 _build/nrfx_prs.o
                0x000000000000cb58                m_nrf_log_PRS_logs_data_const
 .log_const_data_PWM
                0x000000000000cb60        0x8 _build/nrfx_pwm.o
                0x000000000000cb60                m_nrf_log_PWM_logs_data_const
 .log_const_data_SAADC
                0x000000000000cb68        0x8 _build/nrfx_saadc.o
                0x000000000000cb68                m_nrf_log_SAADC_logs_data_const
 .log_const_data_TIMER
                0x000000000000cb70        0x8 _build/nrfx_timer.o
                0x000000000000cb70                m_nrf_log_TIMER_logs_data_const
 .log_const_data_TWIM
                0x000000000000cb78        0x8 _build/nrfx_twim.o
                0x000000000000cb78                m_nrf_log_TWIM_logs_data_const
 .log_const_data_UART
                0x000000000000cb80        0x8 _build/nrfx_uart.o
                0x000000000000cb80                m_nrf_log_UART_logs_data_const
 .log_const_data_UARTE
                0x000000000000cb88        0x8 _build/nrfx_uarte.o
                0x000000000000cb88                m_nrf_log_UARTE_logs_data_const
 .log_const_data_app
                0x000000000000cb90        0x8 _build/nrf_log_frontend.o
                0x000000000000cb90                m_nrf_log_app_logs_data_const
 .log_const_data_clock
                0x000000000000cb98        0x8 _build/nrf_drv_clock.o
                0x000000000000cb98                m_nrf_log_clock_logs_data_const
 .log_const_data_hardfault
                0x000000000000cba0        0x8 _build/hardfault_implementation.o
                0x000000000000cba0                m_nrf_log_hardfault_logs_data_const
 .log_const_data_pwr_mgmt
                0x000000000000cba8        0x8 _build/nrf_pwr_mgmt.o
                0x000000000000cba8                m_nrf_log_pwr_mgmt_logs_data_const
                0x000000000000cbb0                PROVIDE (__stop_log_const_data = .)

.nrf_balloc     0x000000000000cbb0       0x14
                [!provide]                        PROVIDE (__start_nrf_balloc = .)
 *(.nrf_balloc)
 .nrf_balloc    0x000000000000cbb0       0x14 _build/nrf_log_frontend.o
                0x000000000000cbb0                log_mempool
                [!provide]                        PROVIDE (__stop_nrf_balloc = .)

.nrf_queue      0x000000000000cbc4       0x14
                [!provide]                        PROVIDE (__start_nrf_queue = .)
 *(.nrf_queue)
 .nrf_queue     0x000000000000cbc4       0x14 _build/main.o
                0x000000000000cbc4                twi_mngr_instance_queue
                [!provide]                        PROVIDE (__stop_nrf_queue = .)

.log_backends   0x000000000000cbd8       0x10
 .log_backends  0x000000000000cbd8       0x10 _build/nrf_log_default_backends.o

.cli_command    0x000000000000cbe8        0x0
                [!provide]                        PROVIDE (__start_cli_command = .)
 *(.cli_command)
                [!provide]                        PROVIDE (__stop_cli_command = .)

.sdh_stack_observers
                0x000000000000cbe8        0x0
                [!provide]                        PROVIDE (__start_sdh_stack_observers = .)
 *(SORT_BY_NAME(.sdh_stack_observers*))
                [!provide]                        PROVIDE (__stop_sdh_stack_observers = .)

.sdh_req_observers
                0x000000000000cbe8        0x0
                [!provide]                        PROVIDE (__start_sdh_req_observers = .)
 *(SORT_BY_NAME(.sdh_req_observers*))
                [!provide]                        PROVIDE (__stop_sdh_req_observers = .)

.sdh_state_observers
                0x000000000000cbe8        0x0
                [!provide]                        PROVIDE (__start_sdh_state_observers = .)
 *(SORT_BY_NAME(.sdh_state_observers*))
                [!provide]                        PROVIDE (__stop_sdh_state_observers = .)

.sdh_ant_observers
                0x000000000000cbe8        0x0
                [!provide]                        PROVIDE (__start_sdh_ant_observers = .)
 *(SORT_BY_NAME(.sdh_ant_observers*))
                [!provide]                        PROVIDE (__stop_sdh_ant_observers = .)

.sdh_ble_observers
                0x000000000000cbe8        0x0
                [!provide]                        PROVIDE (__start_sdh_ble_observers = .)
 *(SORT_BY_NAME(.sdh_ble_observers*))
                [!provide]                        PROVIDE (__stop_sdh_ble_observers = .)

.sdh_soc_observers
                0x000000000000cbe8        0x0
                [!provide]                        PROVIDE (__start_sdh_soc_observers = .)
 *(SORT_BY_NAME(.sdh_soc_observers*))
                [!provide]                        PROVIDE (__stop_sdh_soc_observers = .)

.crypto_data    0x000000000000cbe8        0x0
                [!provide]                        PROVIDE (__start_crypto_data = .)
 *(SORT_BY_NAME(.crypto_data*))
                [!provide]                        PROVIDE (__stop_crypto_data = .)

.ARM.extab
 *(.ARM.extab* .gnu.linkonce.armextab.*)
                0x000000000000cbe8                __exidx_start = .

.ARM.exidx      0x000000000000cbe8        0x8
 *(.ARM.exidx* .gnu.linkonce.armexidx.*)
 .ARM.exidx     0x000000000000cbe8        0x8 /opt/gcc-arm-none-eabi-9-2020-q2-update/bin/../lib/gcc/arm-none-eabi/9.3.1/../../../../arm-none-eabi/lib/thumb/v7e-m+fp/hard/crt0.o
                                         0x10 (size before relaxing)
 .ARM.exidx     0x000000000000cbf0        0x0 /opt/gcc-arm-none-eabi-9-2020-q2-update/bin/../lib/gcc/arm-none-eabi/9.3.1/thumb/v7e-m+fp/hard/libgcc.a(_udivmoddi4.o)
                                          0x8 (size before relaxing)
                0x000000000000cbf0                __exidx_end = .
                0x000000000000cbf0                __etext = .

.rel.dyn        0x000000000000cbf0        0x0
 .rel.iplt      0x000000000000cbf0        0x0 /opt/gcc-arm-none-eabi-9-2020-q2-update/bin/../lib/gcc/arm-none-eabi/9.3.1/thumb/v7e-m+fp/hard/crtbegin.o

.data           0x0000000020000000      0x9e0 load address 0x000000000000cbf0
                0x0000000020000000                __data_start__ = .
 *(vtable)
 *(.data*)
 .data.m_uart   0x0000000020000000       0x14 _build/microbit_nrf_log_backend_uart.o
                0x0000000020000000                m_uart
 .data.log_backend_cb_uart_log_backend
                0x0000000020000014        0x8 _build/nrf_log_default_backends.o
 .data.SystemCoreClock
                0x000000002000001c        0x4 _build/system_nrf52833.o
                0x000000002000001c                SystemCoreClock
 .data._impure_ptr
                0x0000000020000020        0x4 /opt/gcc-arm-none-eabi-9-2020-q2-update/bin/../lib/gcc/arm-none-eabi/9.3.1/../../../../arm-none-eabi/lib/thumb/v7e-m+fp/hard/libc.a(lib_a-impure.o)
                0x0000000020000020                _impure_ptr
 *fill*         0x0000000020000024        0x4 
 .data.impure_data
                0x0000000020000028      0x428 /opt/gcc-arm-none-eabi-9-2020-q2-update/bin/../lib/gcc/arm-none-eabi/9.3.1/../../../../arm-none-eabi/lib/thumb/v7e-m+fp/hard/libc.a(lib_a-impure.o)
 .data.__atexit_recursive_mutex
                0x0000000020000450        0x4 /opt/gcc-arm-none-eabi-9-2020-q2-update/bin/../lib/gcc/arm-none-eabi/9.3.1/../../../../arm-none-eabi/lib/thumb/v7e-m+fp/hard/libc.a(lib_a-__call_atexit.o)
                0x0000000020000450                __atexit_recursive_mutex
 .data.__malloc_av_
                0x0000000020000454      0x408 /opt/gcc-arm-none-eabi-9-2020-q2-update/bin/../lib/gcc/arm-none-eabi/9.3.1/../../../../arm-none-eabi/lib/thumb/v7e-m+fp/hard/libc.a(lib_a-mallocr.o)
                0x0000000020000454                __malloc_av_
 .data.__malloc_sbrk_base
                0x000000002000085c        0x4 /opt/gcc-arm-none-eabi-9-2020-q2-update/bin/../lib/gcc/arm-none-eabi/9.3.1/../../../../arm-none-eabi/lib/thumb/v7e-m+fp/hard/libc.a(lib_a-mallocr.o)
                0x000000002000085c                __malloc_sbrk_base
 .data.__malloc_trim_threshold
                0x0000000020000860        0x4 /opt/gcc-arm-none-eabi-9-2020-q2-update/bin/../lib/gcc/arm-none-eabi/9.3.1/../../../../arm-none-eabi/lib/thumb/v7e-m+fp/hard/libc.a(lib_a-mallocr.o)
                0x0000000020000860                __malloc_trim_threshold
 .data.__global_locale
                0x0000000020000864      0x16c /opt/gcc-arm-none-eabi-9-2020-q2-update/bin/../lib/gcc/arm-none-eabi/9.3.1/../../../../arm-none-eabi/lib/thumb/v7e-m+fp/hard/libc.a(lib_a-locale.o)
                0x0000000020000864                __global_locale
                0x00000000200009d0                . = ALIGN (0x4)
                0x00000000200009d0                PROVIDE (__preinit_array_start = .)
 *(.preinit_array)
                0x00000000200009d0                PROVIDE (__preinit_array_end = .)
                0x00000000200009d0                . = ALIGN (0x4)
                0x00000000200009d0                PROVIDE (__init_array_start = .)
 *(SORT_BY_NAME(.init_array.*))
 .init_array.00000
                0x00000000200009d0        0x4 /opt/gcc-arm-none-eabi-9-2020-q2-update/bin/../lib/gcc/arm-none-eabi/9.3.1/../../../../arm-none-eabi/lib/thumb/v7e-m+fp/hard/libc.a(lib_a-__call_atexit.o)
 *(.init_array)
 .init_array    0x00000000200009d4        0x4 /opt/gcc-arm-none-eabi-9-2020-q2-update/bin/../lib/gcc/arm-none-eabi/9.3.1/thumb/v7e-m+fp/hard/crtbegin.o
 .init_array    0x00000000200009d8        0x4 _build/microbit_before_startup.o
                0x00000000200009dc                PROVIDE (__init_array_end = .)
                0x00000000200009dc                . = ALIGN (0x4)
                0x00000000200009dc                PROVIDE (__fini_array_start = .)
 *(SORT_BY_NAME(.fini_array.*))
 *(.fini_array)
 .fini_array    0x00000000200009dc        0x4 /opt/gcc-arm-none-eabi-9-2020-q2-update/bin/../lib/gcc/arm-none-eabi/9.3.1/thumb/v7e-m+fp/hard/crtbegin.o
                0x00000000200009e0                PROVIDE (__fini_array_end = .)
 *(.jcr*)
                0x00000000200009e0                . = ALIGN (0x4)
                0x00000000200009e0                __data_end__ = .
LOAD /opt/gcc-arm-none-eabi-9-2020-q2-update/bin/../lib/gcc/arm-none-eabi/9.3.1/thumb/v7e-m+fp/hard/crti.o
LOAD /opt/gcc-arm-none-eabi-9-2020-q2-update/bin/../lib/gcc/arm-none-eabi/9.3.1/thumb/v7e-m+fp/hard/crtbegin.o
LOAD /opt/gcc-arm-none-eabi-9-2020-q2-update/bin/../lib/gcc/arm-none-eabi/9.3.1/../../../../arm-none-eabi/lib/thumb/v7e-m+fp/hard/crt0.o
START GROUP
LOAD _build/Thermal_sensor_driver.o
LOAD _build/Sonic_sensor_driver.o
LOAD _build/main.o
LOAD _build/Thermal_sensing_driver.o
LOAD _build/I2C_functions.o
LOAD _build/Motor_driver.o
LOAD _build/better_error_handling.o
LOAD _build/microbit_nrf_log_backend_uart.o
LOAD _build/microbit_retarget.o
LOAD _build/microbit_before_startup.o
LOAD _build/app_error_handler_gcc.o
LOAD _build/app_scheduler.o
LOAD _build/app_timer.o
LOAD _build/app_util_platform.o
LOAD _build/hardfault_handler_gcc.o
LOAD _build/hardfault_implementation.o
LOAD _build/nrf_assert.o
LOAD _build/nrf_atomic.o
LOAD _build/nrf_balloc.o
LOAD _build/nrf_drv_twi.o
LOAD _build/nrf_drv_uart.o
LOAD _build/nrf_fprintf.o
LOAD _build/nrf_fprintf_format.o
LOAD _build/nrf_log_backend_rtt.o
LOAD _build/nrf_log_backend_serial.o
LOAD _build/nrf_log_default_backends.o
LOAD _build/nrf_log_frontend.o
LOAD _build/nrf_log_str_formatter.o
LOAD _build/nrf_pwr_mgmt.o
LOAD _build/nrf_memobj.o
LOAD _build/nrf_ringbuf.o
LOAD _build/nrf_section_iter.o
LOAD _build/nrf_serial.o
LOAD _build/nrf_sdh.o
LOAD _build/nrf_strerror.o
LOAD _build/nrf_queue.o
LOAD _build/nrf_drv_clock.o
LOAD _build/nrf_nvmc.o
LOAD _build/nrfx_gpiote.o
LOAD _build/nrfx_ppi.o
LOAD _build/nrfx_prs.o
LOAD _build/nrfx_saadc.o
LOAD _build/nrfx_timer.o
LOAD _build/nrfx_twi.o
LOAD _build/nrfx_twim.o
LOAD _build/nrfx_clock.o
LOAD _build/nrfx_uart.o
LOAD _build/nrfx_uarte.o
LOAD _build/app_fifo.o
LOAD _build/app_uart_fifo.o
LOAD _build/nrf_twi_mngr.o
LOAD _build/nrfx_pwm.o
LOAD _build/system_nrf52833.o
LOAD _build/app_error_weak.o
LOAD _build/gcc_startup_nrf52833.os
LOAD /opt/gcc-arm-none-eabi-9-2020-q2-update/bin/../lib/gcc/arm-none-eabi/9.3.1/../../../../arm-none-eabi/lib/thumb/v7e-m+fp/hard/libc.a
LOAD /opt/gcc-arm-none-eabi-9-2020-q2-update/bin/../lib/gcc/arm-none-eabi/9.3.1/../../../../arm-none-eabi/lib/thumb/v7e-m+fp/hard/libnosys.a
LOAD /opt/gcc-arm-none-eabi-9-2020-q2-update/bin/../lib/gcc/arm-none-eabi/9.3.1/../../../../arm-none-eabi/lib/thumb/v7e-m+fp/hard/libm.a
LOAD /opt/gcc-arm-none-eabi-9-2020-q2-update/bin/../lib/gcc/arm-none-eabi/9.3.1/../../../../arm-none-eabi/lib/thumb/v7e-m+fp/hard/libstdc++.a
END GROUP
START GROUP
LOAD /opt/gcc-arm-none-eabi-9-2020-q2-update/bin/../lib/gcc/arm-none-eabi/9.3.1/thumb/v7e-m+fp/hard/libgcc.a
LOAD /opt/gcc-arm-none-eabi-9-2020-q2-update/bin/../lib/gcc/arm-none-eabi/9.3.1/../../../../arm-none-eabi/lib/thumb/v7e-m+fp/hard/libc.a
END GROUP
LOAD /opt/gcc-arm-none-eabi-9-2020-q2-update/bin/../lib/gcc/arm-none-eabi/9.3.1/thumb/v7e-m+fp/hard/crtend.o
LOAD /opt/gcc-arm-none-eabi-9-2020-q2-update/bin/../lib/gcc/arm-none-eabi/9.3.1/thumb/v7e-m+fp/hard/crtn.o
START GROUP
LOAD /opt/gcc-arm-none-eabi-9-2020-q2-update/bin/../lib/gcc/arm-none-eabi/9.3.1/thumb/v7e-m+fp/hard/libgcc.a
LOAD /opt/gcc-arm-none-eabi-9-2020-q2-update/bin/../lib/gcc/arm-none-eabi/9.3.1/../../../../arm-none-eabi/lib/thumb/v7e-m+fp/hard/libc.a
LOAD /opt/gcc-arm-none-eabi-9-2020-q2-update/bin/../lib/gcc/arm-none-eabi/9.3.1/../../../../arm-none-eabi/lib/thumb/v7e-m+fp/hard/libnosys.a
END GROUP
                0x0000000000001000                FLASH_PAGE_SIZE = 0x1000
                0x0000000000000004                FLASH_DATA_PAGES_USED = 0x4

.igot.plt       0x00000000200009e0        0x0 load address 0x000000000000d5d0
 .igot.plt      0x00000000200009e0        0x0 /opt/gcc-arm-none-eabi-9-2020-q2-update/bin/../lib/gcc/arm-none-eabi/9.3.1/thumb/v7e-m+fp/hard/crtbegin.o
                0x00000000200009e0                . = ALIGN (0x4)

.svc_data       0x00000000200009e0        0x0
                [!provide]                        PROVIDE (__start_svc_data = .)
 *(.svc_data)
                [!provide]                        PROVIDE (__stop_svc_data = .)

.fs_data        0x00000000200009e0        0x0
                [!provide]                        PROVIDE (__start_fs_data = .)
 *(.fs_data)
                [!provide]                        PROVIDE (__stop_fs_data = .)

.log_dynamic_data
                0x00000000200009e0        0x0
                0x00000000200009e0                PROVIDE (__start_log_dynamic_data = .)
 *(SORT_BY_NAME(.log_dynamic_data*))
                [!provide]                        PROVIDE (__stop_log_dynamic_data = .)

.cli_sorted_cmd_ptrs
                0x00000000200009e0        0x0
                [!provide]                        PROVIDE (__start_cli_sorted_cmd_ptrs = .)
 *(.cli_sorted_cmd_ptrs)
                [!provide]                        PROVIDE (__stop_cli_sorted_cmd_ptrs = .)

.bss            0x00000000200009e0      0x918 load address 0x000000000000d5d0
                0x00000000200009e0                . = ALIGN (0x4)
                0x00000000200009e0                __bss_start__ = .
 *(.bss*)
 .bss           0x00000000200009e0       0x1c /opt/gcc-arm-none-eabi-9-2020-q2-update/bin/../lib/gcc/arm-none-eabi/9.3.1/thumb/v7e-m+fp/hard/crtbegin.o
 .bss.i2c_manager
                0x00000000200009fc        0x4 _build/Sonic_sensor_driver.o
 .bss.twi_mngr_instance_cb
                0x0000000020000a00       0x1c _build/main.o
 .bss.twi_mngr_instance_queue_nrf_queue_buffer
                0x0000000020000a1c        0x8 _build/main.o
 .bss.twi_mngr_instance_queue_nrf_queue_cb
                0x0000000020000a24        0xc _build/main.o
 .bss.m_async_mode
                0x0000000020000a30        0x1 _build/microbit_nrf_log_backend_uart.o
 .bss.m_string_buff
                0x0000000020000a31       0x40 _build/microbit_nrf_log_backend_uart.o
 .bss.m_xfer_done
                0x0000000020000a71        0x1 _build/microbit_nrf_log_backend_uart.o
 *fill*         0x0000000020000a72        0x2 
 .bss.m_op_queue
                0x0000000020000a74      0x10c _build/app_timer.o
 .bss.m_rtc1_reset
                0x0000000020000b80        0x1 _build/app_timer.o
 .bss.m_rtc1_running
                0x0000000020000b81        0x1 _build/app_timer.o
 *fill*         0x0000000020000b82        0x2 
 .bss.m_ticks_elapsed
                0x0000000020000b84        0x8 _build/app_timer.o
 .bss.m_ticks_elapsed_q_read_ind
                0x0000000020000b8c        0x1 _build/app_timer.o
 .bss.m_ticks_elapsed_q_write_ind
                0x0000000020000b8d        0x1 _build/app_timer.o
 *fill*         0x0000000020000b8e        0x2 
 .bss.m_ticks_latest
                0x0000000020000b90        0x4 _build/app_timer.o
 .bss.mp_timer_id_head
                0x0000000020000b94        0x4 _build/app_timer.o
 .bss.m_in_critical_region
                0x0000000020000b98        0x4 _build/app_util_platform.o
 .bss.m_contexts
                0x0000000020000b9c        0x8 _build/nrf_drv_twi.o
 .bss.m_handlers
                0x0000000020000ba4        0x8 _build/nrf_drv_twi.o
 .bss.m_contexts
                0x0000000020000bac        0x8 _build/nrf_drv_uart.o
 .bss.m_handlers
                0x0000000020000bb4        0x8 _build/nrf_drv_uart.o
 .bss.log_mempool_nrf_balloc_cb
                0x0000000020000bbc        0x8 _build/nrf_log_frontend.o
 .bss.log_mempool_nrf_balloc_pool_mem
                0x0000000020000bc4       0xc0 _build/nrf_log_frontend.o
 .bss.log_mempool_nrf_balloc_pool_stack
                0x0000000020000c84        0x8 _build/nrf_log_frontend.o
 .bss.m_log_data
                0x0000000020000c8c      0x424 _build/nrf_log_frontend.o
 .bss.m_log_push_ringbuf_buf
                0x00000000200010b0       0x80 _build/nrf_log_frontend.o
 .bss.m_log_push_ringbuf_cb
                0x0000000020001130       0x18 _build/nrf_log_frontend.o
 .bss.m_cb      0x0000000020001148       0x68 _build/nrfx_gpiote.o
 .bss.m_prs_box_4
                0x00000000200011b0        0x8 _build/nrfx_prs.o
 .bss.m_cb      0x00000000200011b8       0x30 _build/nrfx_saadc.o
 .bss.m_cb      0x00000000200011e8       0x18 _build/nrfx_timer.o
 .bss.m_cb      0x0000000020001200       0x34 _build/nrfx_twim.o
 .bss.m_clock_cb
                0x0000000020001234        0x8 _build/nrfx_clock.o
 .bss.m_cb      0x000000002000123c       0x2c _build/nrfx_uart.o
 .bss.m_cb      0x0000000020001268       0x24 _build/nrfx_uarte.o
 .bss.m_cb      0x000000002000128c        0x8 _build/nrfx_pwm.o
 .bss.__malloc_current_mallinfo
                0x0000000020001294       0x28 /opt/gcc-arm-none-eabi-9-2020-q2-update/bin/../lib/gcc/arm-none-eabi/9.3.1/../../../../arm-none-eabi/lib/thumb/v7e-m+fp/hard/libc.a(lib_a-mallocr.o)
                0x0000000020001294                __malloc_current_mallinfo
 .bss.__malloc_max_sbrked_mem
                0x00000000200012bc        0x4 /opt/gcc-arm-none-eabi-9-2020-q2-update/bin/../lib/gcc/arm-none-eabi/9.3.1/../../../../arm-none-eabi/lib/thumb/v7e-m+fp/hard/libc.a(lib_a-mallocr.o)
                0x00000000200012bc                __malloc_max_sbrked_mem
 .bss.__malloc_max_total_mem
                0x00000000200012c0        0x4 /opt/gcc-arm-none-eabi-9-2020-q2-update/bin/../lib/gcc/arm-none-eabi/9.3.1/../../../../arm-none-eabi/lib/thumb/v7e-m+fp/hard/libc.a(lib_a-mallocr.o)
                0x00000000200012c0                __malloc_max_total_mem
 .bss.__malloc_top_pad
                0x00000000200012c4        0x4 /opt/gcc-arm-none-eabi-9-2020-q2-update/bin/../lib/gcc/arm-none-eabi/9.3.1/../../../../arm-none-eabi/lib/thumb/v7e-m+fp/hard/libc.a(lib_a-mallocr.o)
                0x00000000200012c4                __malloc_top_pad
 .bss.heap_end.5507
                0x00000000200012c8        0x4 /opt/gcc-arm-none-eabi-9-2020-q2-update/bin/../lib/gcc/arm-none-eabi/9.3.1/../../../../arm-none-eabi/lib/thumb/v7e-m+fp/hard/libnosys.a(sbrk.o)
 *(COMMON)
 COMMON         0x00000000200012cc        0x2 _build/nrf_drv_uart.o
                0x00000000200012cc                nrf_drv_uart_use_easy_dma
 *fill*         0x00000000200012ce        0x2 
 COMMON         0x00000000200012d0       0x21 /opt/gcc-arm-none-eabi-9-2020-q2-update/bin/../lib/gcc/arm-none-eabi/9.3.1/../../../../arm-none-eabi/lib/thumb/v7e-m+fp/hard/libc.a(lib_a-lock.o)
                0x00000000200012d0                __lock___atexit_recursive_mutex
                0x00000000200012d4                __lock___arc4random_mutex
                0x00000000200012d8                __lock___env_recursive_mutex
                0x00000000200012dc                __lock___sinit_recursive_mutex
                0x00000000200012e0                __lock___malloc_recursive_mutex
                0x00000000200012e4                __lock___at_quick_exit_mutex
                0x00000000200012e8                __lock___dd_hash_mutex
                0x00000000200012ec                __lock___tz_mutex
                0x00000000200012f0                __lock___sfp_recursive_mutex
 *fill*         0x00000000200012f1        0x3 
 COMMON         0x00000000200012f4        0x4 /opt/gcc-arm-none-eabi-9-2020-q2-update/bin/../lib/gcc/arm-none-eabi/9.3.1/../../../../arm-none-eabi/lib/thumb/v7e-m+fp/hard/libc.a(lib_a-reent.o)
                0x00000000200012f4                errno
                0x00000000200012f8                . = ALIGN (0x4)
                0x00000000200012f8                __bss_end__ = .

.heap           0x00000000200012f8     0x2000
                0x00000000200012f8                __HeapBase = .
                0x00000000200012f8                __end__ = .
                0x00000000200012f8                PROVIDE (end = .)
 *(.heap*)
 .heap          0x00000000200012f8     0x2000 _build/gcc_startup_nrf52833.os
                0x00000000200032f8                __HeapLimit = .

.stack_dummy    0x00000000200012f8     0x2000
 *(.stack*)
 .stack         0x00000000200012f8     0x2000 _build/gcc_startup_nrf52833.os
                0x0000000020020000                __StackTop = (ORIGIN (RAM) + LENGTH (RAM))
                0x000000002001e000                __StackLimit = (__StackTop - SIZEOF (.stack_dummy))
                0x0000000020020000                PROVIDE (__stack = __StackTop)
                0x0000000000000001                ASSERT ((__StackLimit >= __HeapLimit), region RAM overflowed with stack)
                0x00000000000009e0                DataInitFlashUsed = (__bss_start__ - __data_start__)
                0x000000000000cbf0                CodeFlashUsed = (__etext - ORIGIN (FLASH))
                0x000000000000d5d0                TotalFlashUsed = (CodeFlashUsed + DataInitFlashUsed)
                0x0000000000000001                ASSERT ((TotalFlashUsed <= LENGTH (FLASH)), region FLASH overflowed with .data and user data)
OUTPUT(_build/Elf-Bot_sdk16_blank.elf elf32-littlearm)
LOAD linker stubs

.ARM.attributes
                0x0000000000000000       0x30
 .ARM.attributes
                0x0000000000000000       0x1e /opt/gcc-arm-none-eabi-9-2020-q2-update/bin/../lib/gcc/arm-none-eabi/9.3.1/thumb/v7e-m+fp/hard/crti.o
 .ARM.attributes
                0x000000000000001e       0x34 /opt/gcc-arm-none-eabi-9-2020-q2-update/bin/../lib/gcc/arm-none-eabi/9.3.1/thumb/v7e-m+fp/hard/crtbegin.o
 .ARM.attributes
                0x0000000000000052       0x1c /opt/gcc-arm-none-eabi-9-2020-q2-update/bin/../lib/gcc/arm-none-eabi/9.3.1/../../../../arm-none-eabi/lib/thumb/v7e-m+fp/hard/crt0.o
 .ARM.attributes
                0x000000000000006e       0x34 _build/Sonic_sensor_driver.o
 .ARM.attributes
                0x00000000000000a2       0x34 _build/main.o
 .ARM.attributes
                0x00000000000000d6       0x34 _build/I2C_functions.o
 .ARM.attributes
                0x000000000000010a       0x34 _build/better_error_handling.o
 .ARM.attributes
                0x000000000000013e       0x34 _build/microbit_nrf_log_backend_uart.o
 .ARM.attributes
                0x0000000000000172       0x34 _build/microbit_retarget.o
 .ARM.attributes
                0x00000000000001a6       0x34 _build/microbit_before_startup.o
 .ARM.attributes
                0x00000000000001da       0x34 _build/app_error_handler_gcc.o
 .ARM.attributes
                0x000000000000020e       0x34 _build/app_timer.o
 .ARM.attributes
                0x0000000000000242       0x34 _build/app_util_platform.o
 .ARM.attributes
                0x0000000000000276       0x34 _build/hardfault_handler_gcc.o
 .ARM.attributes
                0x00000000000002aa       0x34 _build/hardfault_implementation.o
 .ARM.attributes
                0x00000000000002de       0x34 _build/nrf_assert.o
 .ARM.attributes
                0x0000000000000312       0x34 _build/nrf_atomic.o
 .ARM.attributes
                0x0000000000000346       0x34 _build/nrf_balloc.o